Microsoft Windows [Version 10.0.22631.5039]
(c) Microsoft Corporation. All rights reserved.

C:\Users\Parlik>curl -v http://51.38.135.103/
*   Trying 51.38.135.103:80...
* Connected to 51.38.135.103 (51.38.135.103) port 80
* using HTTP/1.x
> GET / HTTP/1.1
> Host: 51.38.135.103
> User-Agent: curl/8.10.1
> Accept: */*
>
* Request completely sent off
< HTTP/1.1 200 OK
< Server: nginx/1.26.0 (Ubuntu)
< Date: Mon, 07 Apr 2025 19:13:52 GMT
< Content-Type: text/html
< Content-Length: 615
< Last-Modified: Tue, 23 Apr 2024 14:04:32 GMT
< Connection: keep-alive
< ETag: "6627bff0-267"
< X-Frame-Options: SAMEORIGIN
< X-XSS-Protection: 1; mode=block
< X-Content-Type-Options: nosniff
< Referrer-Policy: no-referrer-when-downgrade
< Content-Security-Policy: default-src 'self' http: https: data: blob: 'unsafe-inline'
< Accept-Ranges: bytes
<
<!DOCTYPE html>
<html>
<head>
<title>Welcome to nginx!</title>
<style>
html { color-scheme: light dark; }
body { width: 35em; margin: 0 auto;
font-family: Tahoma, Verdana, Arial, sans-serif; }
</style>
</head>
<body>
<h1>Welcome to nginx!</h1>
<p>If you see this page, the nginx web server is successfully installed and
working. Further configuration is required.</p>

<p>For online documentation and support please refer to
<a href="http://nginx.org/">nginx.org</a>.<br/>
Commercial support is available at
<a href="http://nginx.com/">nginx.com</a>.</p>

<p><em>Thank you for using nginx.</em></p>
</body>
</html>
* Connection #0 to host 51.38.135.103 left intact

C:\Users\Parlik>curl -X OPTIONS -v http://51.38.135.103/
*   Trying 51.38.135.103:80...
* Connected to 51.38.135.103 (51.38.135.103) port 80
* using HTTP/1.x
> OPTIONS / HTTP/1.1
> Host: 51.38.135.103
> User-Agent: curl/8.10.1
> Accept: */*
>
* Request completely sent off
< HTTP/1.1 405 Not Allowed
< Server: nginx/1.26.0 (Ubuntu)
< Date: Mon, 07 Apr 2025 19:14:12 GMT
< Content-Type: text/html
< Content-Length: 166
< Connection: keep-alive
< X-Frame-Options: SAMEORIGIN
< X-XSS-Protection: 1; mode=block
< X-Content-Type-Options: nosniff
< Referrer-Policy: no-referrer-when-downgrade
< Content-Security-Policy: default-src 'self' http: https: data: blob: 'unsafe-inline'
<
<html>
<head><title>405 Not Allowed</title></head>
<body>
<center><h1>405 Not Allowed</h1></center>
<hr><center>nginx/1.26.0 (Ubuntu)</center>
</body>
</html>
* Connection #0 to host 51.38.135.103 left intact

C:\Users\Parlik>curl -X TRACE -v http://51.38.135.103/
*   Trying 51.38.135.103:80...
* Connected to 51.38.135.103 (51.38.135.103) port 80
* using HTTP/1.x
> TRACE / HTTP/1.1
> Host: 51.38.135.103
> User-Agent: curl/8.10.1
> Accept: */*
>
* Request completely sent off
< HTTP/1.1 405 Not Allowed
< Server: nginx/1.26.0 (Ubuntu)
< Date: Mon, 07 Apr 2025 19:14:17 GMT
< Content-Type: text/html
< Content-Length: 166
< Connection: close
< X-Frame-Options: SAMEORIGIN
< X-XSS-Protection: 1; mode=block
< X-Content-Type-Options: nosniff
< Referrer-Policy: no-referrer-when-downgrade
< Content-Security-Policy: default-src 'self' http: https: data: blob: 'unsafe-inline'
<
<html>
<head><title>405 Not Allowed</title></head>
<body>
<center><h1>405 Not Allowed</h1></center>
<hr><center>nginx/1.26.0 (Ubuntu)</center>
</body>
</html>
* shutting down connection #0

C:\Users\Parlik>curl -v http://51.38.135.103/../../../../etc/passwd
*   Trying 51.38.135.103:80...
* Connected to 51.38.135.103 (51.38.135.103) port 80
* using HTTP/1.x
> GET /etc/passwd HTTP/1.1
> Host: 51.38.135.103
> User-Agent: curl/8.10.1
> Accept: */*
>
* Request completely sent off
< HTTP/1.1 404 Not Found
< Server: nginx/1.26.0 (Ubuntu)
< Date: Mon, 07 Apr 2025 19:14:21 GMT
< Content-Type: text/html
< Content-Length: 162
< Connection: keep-alive
< X-Frame-Options: SAMEORIGIN
< X-XSS-Protection: 1; mode=block
< X-Content-Type-Options: nosniff
< Referrer-Policy: no-referrer-when-downgrade
< Content-Security-Policy: default-src 'self' http: https: data: blob: 'unsafe-inline'
<
<html>
<head><title>404 Not Found</title></head>
<body>
<center><h1>404 Not Found</h1></center>
<hr><center>nginx/1.26.0 (Ubuntu)</center>
</body>
</html>
* Connection #0 to host 51.38.135.103 left intact

C:\Users\Parlik>curl -v http://51.38.135.103/%2e%2e/%2e%2e/%2e%2e/etc/passwd
*   Trying 51.38.135.103:80...
* Connected to 51.38.135.103 (51.38.135.103) port 80
* using HTTP/1.x
> GET /%2e%2e/%2e%2e/%2e%2e/etc/passwd HTTP/1.1
> Host: 51.38.135.103
> User-Agent: curl/8.10.1
> Accept: */*
>
* Request completely sent off
< HTTP/1.1 400 Bad Request
< Server: nginx/1.26.0 (Ubuntu)
< Date: Mon, 07 Apr 2025 19:14:26 GMT
< Content-Type: text/html
< Content-Length: 166
< Connection: close
< X-Frame-Options: SAMEORIGIN
< X-XSS-Protection: 1; mode=block
< X-Content-Type-Options: nosniff
< Referrer-Policy: no-referrer-when-downgrade
< Content-Security-Policy: default-src 'self' http: https: data: blob: 'unsafe-inline'
<
<html>
<head><title>400 Bad Request</title></head>
<body>
<center><h1>400 Bad Request</h1></center>
<hr><center>nginx/1.26.0 (Ubuntu)</center>
</body>
</html>
* shutting down connection #0

C:\Users\Parlik>curl -I http://51.38.135.103/
HTTP/1.1 200 OK
Server: nginx/1.26.0 (Ubuntu)
Date: Mon, 07 Apr 2025 19:14:31 GMT
Content-Type: text/html
Content-Length: 615
Last-Modified: Tue, 23 Apr 2024 14:04:32 GMT
Connection: keep-alive
ETag: "6627bff0-267"
X-Frame-Options: SAMEORIGIN
X-XSS-Protection: 1; mode=block
X-Content-Type-Options: nosniff
Referrer-Policy: no-referrer-when-downgrade
Content-Security-Policy: default-src 'self' http: https: data: blob: 'unsafe-inline'
Accept-Ranges: bytes


C:\Users\Parlik>curl -v http://51.38.135.103/api
*   Trying 51.38.135.103:80...
* Connected to 51.38.135.103 (51.38.135.103) port 80
* using HTTP/1.x
> GET /api HTTP/1.1
> Host: 51.38.135.103
> User-Agent: curl/8.10.1
> Accept: */*
>
* Request completely sent off
< HTTP/1.1 301 Moved Permanently
< Server: nginx/1.26.0 (Ubuntu)
< Date: Mon, 07 Apr 2025 19:14:36 GMT
< Content-Type: text/html
< Content-Length: 178
< Location: http://51.38.135.103/api/
< Connection: keep-alive
< X-Frame-Options: SAMEORIGIN
< X-XSS-Protection: 1; mode=block
< X-Content-Type-Options: nosniff
< Referrer-Policy: no-referrer-when-downgrade
< Content-Security-Policy: default-src 'self' http: https: data: blob: 'unsafe-inline'
<
<html>
<head><title>301 Moved Permanently</title></head>
<body>
<center><h1>301 Moved Permanently</h1></center>
<hr><center>nginx/1.26.0 (Ubuntu)</center>
</body>
</html>
* Connection #0 to host 51.38.135.103 left intact

C:\Users\Parlik>curl -v http://51.38.135.103/api/parse
*   Trying 51.38.135.103:80...
* Connected to 51.38.135.103 (51.38.135.103) port 80
* using HTTP/1.x
> GET /api/parse HTTP/1.1
> Host: 51.38.135.103
> User-Agent: curl/8.10.1
> Accept: */*
>
* Request completely sent off
< HTTP/1.1 200 OK
< Server: nginx/1.26.0 (Ubuntu)
< Date: Mon, 07 Apr 2025 19:14:47 GMT
< Content-Type: application/json
< Content-Length: 14062
< Connection: keep-alive
< X-Frame-Options: SAMEORIGIN
< X-XSS-Protection: 1; mode=block
< X-Content-Type-Options: nosniff
< Referrer-Policy: no-referrer-when-downgrade
< Content-Security-Policy: default-src 'self' http: https: data: blob: 'unsafe-inline'
<
{"courses":[{"ID_KIER":28638,"Lata":{"BF-1 rok":{"Grupy":{"BF/ I stopie\u0144/ 1rok / gr. 1":{"ID":58215,"Podgrupy":{}}},"ID":58214},"BF-2-rok":{"Grupy":{"BF/ I stopie\u0144/ 2rok":{"ID":28897,"Podgrupy":{}}},"ID":64775},"BF-3-rok":{"Grupy":{"BF/ I stopie\u0144/ 3rok/ Biofizyka molekularna":{"ID":86249,"Podgrupy":{}},"BF/ I stopie\u0144/ 3rok/ Optometria":{"ID":66584,"Podgrupy":{}}},"ID":66582}},"Nazwa_Kierunku":"Biofizyka I stopnia"},{"ID_KIER":28639,"Lata":{"BF-1 rok":{"Grupy":{"Biofizyka molekularna":{"ID":90802,"Podgrupy":{"BF/II stopie\u0144/1 rok/gr. 1":{"ID":69527,"Podgrupy":{}}}},"Optometria":{"ID":90800,"Podgrupy":{"BF/II stopie\u0144/1 rok/gr. 2":{"ID":90785,"Podgrupy":{}}}}},"ID":69528},"BF-2 rok":{"Grupy":{"BIOFAM":{"ID":86934,"Podgrupy":{"BF/II stopie\u0144/2 rok/BIOFAM":{"ID":58675,"Podgrupy":{}}}}},"ID":28653}},"Nazwa_Kierunku":"Biofizyka II stopnia"},{"ID_KIER":28643,"Lata":{"FZ/ I stopie\u0144/1 rok":{"Grupy":{"FZ/ I stopie\u0144/1 rok /gr.1":{"ID":29076,"Podgrupy":{}},"FZ/ I stopie\u0144/1 rok /gr.2":{"ID":90505,"Podgrupy":{}}},"ID":85480},"FZ/ I stopie\u0144/2 rok":{"Grupy":{},"ID":29165},"FZ/ I stopie\u0144/3 rok":{"Grupy":{},"ID":77774}},"Nazwa_Kierunku":"Fizyka I stopnia"},{"ID_KIER":28686,"Lata":{"FM-1 rok":{"Grupy":{"FM/I stopie\u0144/1 rok/gr.1":{"ID":30035,"Podgrupy":{}}},"ID":28688},"FM-2 rok":{"Grupy":{"FM/I stopie\u0144/2 rok/gr.1":{"ID":73641,"Podgrupy":{}}},"ID":73640},"FM-3 rok":{"Grupy":{"FM/I stopie\u0144/3 rok/elektroradiologia":{"ID":78518,"Podgrupy":{}}},"ID":37519},"FM-4 rok":{"Grupy":{"FM/I stopie\u0144/4 rok/elektroradiologia":{"ID":85408,"Podgrupy":{}}},"ID":85407}},"Nazwa_Kierunku":"Fizyka Medyczna I stopnia"},{"ID_KIER":49858,"Lata":{"Fizyka techniczna/4 rok":{"Grupy":{},"ID":49878}},"Nazwa_Kierunku":"Fizyka techniczna I stopnia"},{"ID_KIER":6999,"Lata":{"IN\u017b I":{"Grupy":{"IN\u017b I_1":{"ID":27163,"Podgrupy":{"IN\u017b I_1_1":{"ID":27164,"Podgrupy":{}},"IN\u017b I_1_2":{"ID":27165,"Podgrupy":{}}}},"IN\u017b I_2":{"ID":27166,"Podgrupy":{"IN\u017b I_2_3":{"ID":27168,"Podgrupy":{}},"IN\u017b I_2_4":{"ID":48064,"Podgrupy":{}}}},"IN\u017b I_3":{"ID":27169,"Podgrupy":{"IN\u017b I_3_5":{"ID":27170,"Podgrupy":{}},"IN\u017b I_3_6":{"ID":27171,"Podgrupy":{}}}},"IN\u017b I_4":{"ID":27172,"Podgrupy":{"IN\u017b I_4_7":{"ID":27173,"Podgrupy":{}},"IN\u017b I_4_8 - grupa zlikwidowana":{"ID":27174,"Podgrupy":{}}}}},"ID":27162},"IN\u017b II":{"Grupy":{"IN\u017b II_GAWiH":{"ID":68061,"Podgrupy":{"IN\u017b II_GAWiH_1":{"ID":48167,"Podgrupy":{}}}},"IN\u017b II_IO":{"ID":68063,"Podgrupy":{"IN\u017b II_IO_1":{"ID":55989,"Podgrupy":{}},"IN\u017b II_IO_2":{"ID":84806,"Podgrupy":{}}}},"IN\u017b II_ISI":{"ID":68062,"Podgrupy":{"IN\u017b II_ISI_1":{"ID":48173,"Podgrupy":{}}}},"IN\u017b II_PAW":{"ID":82112,"Podgrupy":{"IN\u017b II_PAW_1":{"ID":82113,"Podgrupy":{}},"IN\u017b II_PAW_2":{"ID":55988,"Podgrupy":{}}}},"IN\u017b II_PGK":{"ID":48164,"Podgrupy":{"IN\u017b II_PGK_1_1":{"ID":48165,"Podgrupy":{}}}}},"ID":48159},"IN\u017b III":{"Grupy":{"IN\u017b III GAWiH":{"ID":76450,"Podgrupy":{"IN\u017b III GAWiH1":{"ID":76451,"Podgrupy":{}}}},"IN\u017b III IO":{"ID":37992,"Podgrupy":{"IN\u017b III IO1":{"ID":38026,"Podgrupy":{}},"IN\u017b III IO2":{"ID":38027,"Podgrupy":{}},"IN\u017b III IO3":{"ID":38033,"Podgrupy":{}}}},"IN\u017b III ISI":{"ID":37995,"Podgrupy":{"IN\u017b III ISI1":{"ID":38035,"Podgrupy":{}}}},"IN\u017b III PAW":{"ID":37993,"Podgrupy":{"IN\u017b III PAW1":{"ID":38036,"Podgrupy":{}},"IN\u017b III PAW2":{"ID":38029,"Podgrupy":{}},"IN\u017b III PAW3 - do likwidacji":{"ID":38030,"Podgrupy":{}}}},"IN\u017b III PGK":{"ID":37997,"Podgrupy":{"IN\u017b III PGK1":{"ID":38037,"Podgrupy":{}}}}},"ID":37811},"IN\u017b IV":{"Grupy":{"IN\u017b IV GAWiH":{"ID":85278,"Podgrupy":{"IN\u017b IV GAWiH1":{"ID":85279,"Podgrupy":{}}}},"IN\u017b IV IO":{"ID":32830,"Podgrupy":{"IN\u017b IV IO1":{"ID":32840,"Podgrupy":{}},"IN\u017b IV IO2":{"ID":32839,"Podgrupy":{}},"IN\u017b IV IO3":{"ID":68088,"Podgrupy":{}}}},"IN\u017b IV ISI":{"ID":32831,"Podgrupy":{"IN\u017b IV ISI1":{"ID":32841,"Podgrupy":{}},"IN\u017b IV ISI2":{"ID":76453,"Podgrupy":{}}}},"IN\u017b IV PAW":{"ID":32833,"Podgrupy":{"IN\u017b IV PAW1":{"ID":32844,"Podgrupy":{}},"IN\u017b IV PAW2":{"ID":32845,"Podgrupy":{}},"IN\u017b IV PAW3":{"ID":68089,"Podgrupy":{}}}},"IN\u017b IV PGK":{"ID":32835,"Podgrupy":{"IN\u017b IV PGK1":{"ID":32836,"Podgrupy":{}}}}},"ID":32829}},"Nazwa_Kierunku":"Informatyka I stopnia"},{"ID_KIER":28698,"Lata":{"IS-1 rok":{"Grupy":{"IS-Gr.1(gr.01/1 rok, gr.02/1 rok)":{"ID":31429,"Podgrupy":{"IS/ 1 rok/ gr. 01":{"ID":28723,"Podgrupy":{}},"IS/ 1 rok/ gr. 02":{"ID":28724,"Podgrupy":{}}}},"IS-Gr.2(gr.03/1 rok, gr.04/1 rok)":{"ID":31430,"Podgrupy":{"IS/ 1 rok/ gr. 03":{"ID":28736,"Podgrupy":{}},"IS/ 1 rok/ gr. 04":{"ID":28742,"Podgrupy":{}}}},"IS-Gr.3(gr.05/1 rok, gr.06/1 rok)":{"ID":31433,"Podgrupy":{"IS/ 1 rok/ gr. 05":{"ID":28738,"Podgrupy":{}},"IS/ 1 rok/ gr. 06":{"ID":28739,"Podgrupy":{}}}},"IS-Gr.4(gr.07/1 rok, gr.08/1 rok)":{"ID":53150,"Podgrupy":{"IS/ 1 rok/ gr. 07":{"ID":53151,"Podgrupy":{}},"IS/ 1 rok/ gr. 08":{"ID":53152,"Podgrupy":{}}}},"IS-Gr.5(gr.09/1 rok, gr.10/1 rok)":{"ID":85011,"Podgrupy":{"IS/ 1 rok/ gr. 09":{"ID":85012,"Podgrupy":{}},"IS/ 1 rok/ gr. 10":{"ID":85013,"Podgrupy":{}}}}},"ID":28699},"IS-2 rok":{"Grupy":{"IS-Gr.1 (gr.01/2 rok, gr.02/2 rok)":{"ID":31460,"Podgrupy":{"IS/2 rok/gr.01":{"ID":28793,"Podgrupy":{}},"IS/2 rok/gr.02":{"ID":28794,"Podgrupy":{}}}},"IS-Gr.2 (gr.03/2 rok, gr.04/2 rok)":{"ID":31461,"Podgrupy":{"IS/2 rok/gr.03":{"ID":28795,"Podgrupy":{}},"IS/2 rok/gr.04":{"ID":28796,"Podgrupy":{}}}},"IS-Gr.3 (gr.05/2 rok, gr.06/2 rok)":{"ID":31462,"Podgrupy":{"IS/2 rok/gr.05":{"ID":28797,"Podgrupy":{}},"IS/2 rok/gr.06":{"ID":55896,"Podgrupy":{}}}}},"ID":28700},"IS-3 rok":{"Grupy":{"IS/3 rok/gr.1":{"ID":31353,"Podgrupy":{}},"IS/3 rok/gr.2":{"ID":29379,"Podgrupy":{}},"IS/3 rok/gr.3":{"ID":29377,"Podgrupy":{}},"IS/3 rok/gr.4":{"ID":29374,"Podgrupy":{}}},"ID":28701},"IS-4 rok":{"Grupy":{"IS/4 rok/gr.1":{"ID":85355,"Podgrupy":{}},"IS/4 rok/gr.2":{"ID":85356,"Podgrupy":{}},"IS/4 rok/gr.3":{"ID":85357,"Podgrupy":{}},"IS/4 rok/gr.4":{"ID":85358,"Podgrupy":{}}},"ID":85354}},"Nazwa_Kierunku":"Informatyka Stosowana I stopnia"},{"ID_KIER":8857,"Lata":{"BPOIT":{"Grupy":{"BPOIT gr 1":{"ID":39815,"Podgrupy":{}},"BPOIT gr 2":{"ID":39816,"Podgrupy":{}}},"ID":39814},"Biotechnologia":{"Grupy":{"BT-I stopnia":{"ID":33962,"Podgrupy":{"TB-1 rok/ 1 semestr":{"ID":33966,"Podgrupy":{"BT- gr. 1":{"ID":33961,"Podgrupy":{}},"BT- gr. 2":{"ID":33967,"Podgrupy":{}},"BT- gr. 3":{"ID":33969,"Podgrupy":{}},"BT- gr. 4":{"ID":33968,"Podgrupy":{}}}}}}},"ID":33960},"Dziennikarstwo i komunikacja spo\u0142eczna":{"Grupy":{"Grupa 1":{"ID":31793,"Podgrupy":{}},"Grupa 10":{"ID":50362,"Podgrupy":{}},"Grupa 11":{"ID":50363,"Podgrupy":{}},"Grupa 12":{"ID":50364,"Podgrupy":{}},"Grupa 2":{"ID":42900,"Podgrupy":{}},"Grupa 3":{"ID":42901,"Podgrupy":{}},"Grupa 5":{"ID":42903,"Podgrupy":{}},"Grupa 7":{"ID":50361,"Podgrupy":{}},"Grupa 8":{"ID":42902,"Podgrupy":{}},"Grupa 9":{"ID":50360,"Podgrupy":{}}},"ID":31794},"Dziennikarstwo i komunikacja spo\u0142eczna (niestacjonarne)":{"Grupy":{"Grupa 1 (niestacj.)":{"ID":42910,"Podgrupy":{}},"Grupa 2 (niestacj.)":{"ID":42911,"Podgrupy":{}}},"ID":42909},"Erasmus":{"Grupy":{"Erasmus+":{"ID":20267,"Podgrupy":{}}},"ID":15969},"Geofizyka":{"Grupy":{"GF/1 rok/II stopnia":{"ID":30414,"Podgrupy":{}},"GF/2 rok/II stopnia":{"ID":30419,"Podgrupy":{}},"Geografia":{"ID":38020,"Podgrupy":{}}},"ID":28549},"Komunikacja Cyfrowa":{"Grupy":{"1 rok":{"ID":47893,"Podgrupy":{"KC/1 rok/gr.1":{"ID":47895,"Podgrupy":{}},"KC/1 rok/gr.2":{"ID":47896,"Podgrupy":{}},"KC/1 rok/gr.3":{"ID":47897,"Podgrupy":{}},"KC/1 rok/gr.4":{"ID":78846,"Podgrupy":{}}}},"2 rok":{"ID":56776,"Podgrupy":{"KC/2 rok/gr.1":{"ID":56777,"Podgrupy":{}},"KC/2 rok/gr.2":{"ID":56778,"Podgrupy":{}},"KC/2 rok/gr.3":{"ID":82188,"Podgrupy":{}}}},"3 rok":{"ID":69124,"Podgrupy":{"KC/3 rok/gr.1":{"ID":69125,"Podgrupy":{}},"KC/3 rok/gr.2":{"ID":67707,"Podgrupy":{}}}}},"ID":47892},"Mi\u0119dzynarodowa \u015arodowiskowa Szkola Doktorska":{"Grupy":{"Mi\u0119dz. \u015arod. Szko\u0142a Dokt. 1 rok":{"ID":49499,"Podgrupy":{}},"Mi\u0119dz. \u015arod. Szko\u0142a Dokt. 2 rok":{"ID":49501,"Podgrupy":{}}},"ID":49498},"Ochrona \u015arodowiska":{"Grupy":{"Ochrona \u015arodowiska I stopie\u0144 1 rok":{"ID":49631,"Podgrupy":{"Ochrona \u015arodowiska / Grupa 1":{"ID":81847,"Podgrupy":{"Ochrona \u015brodowiska/ I stopie\u0144/ 1 rok/ gr. 1":{"ID":49632,"Podgrupy":{}},"Ochrona \u015brodowiska/ I stopie\u0144/ 1 rok/ gr. 2":{"ID":49633,"Podgrupy":{}}}},"Ochrona \u015arodowiska / Grupa 2":{"ID":81848,"Podgrupy":{"Ochrona \u015brodowiska/ I stopie\u0144/ 1 rok/ gr. 3":{"ID":49634,"Podgrupy":{}},"Ochrona \u015brodowiska/ I stopie\u0144/ 1 rok/ gr. 4":{"ID":69240,"Podgrupy":{}}}}}},"Ochrona \u015arodowiska I stopie\u0144 2 rok":{"ID":34446,"Podgrupy":{"Ochrona \u015brodowiska/ I stopie\u0144/ 2 rok/ gr. 1":{"ID":30936,"Podgrupy":{}},"Ochrona \u015brodowiska/ I stopie\u0144/ 2 rok/ gr. 2":{"ID":34447,"Podgrupy":{}},"Ochrona \u015brodowiska/ I stopie\u0144/ 2 rok/ gr. 3":{"ID":38932,"Podgrupy":{}}}},"Ochrona \u015arodowiska II stopie\u0144 1 rok":{"ID":34444,"Podgrupy":{"Ochrona \u015brodowiska/ II stopie\u0144/ 1 rok/ gr.1":{"ID":34001,"Podgrupy":{}},"Ochrona \u015brodowiska/ II stopie\u0144/ 1 rok/ gr.2":{"ID":61800,"Podgrupy":{}},"Ochrona \u015brodowiska/ II stopie\u0144/ 1 rok/ gr.3":{"ID":61801,"Podgrupy":{}}}},"Ochrona \u015arodowiska II stopie\u0144 2 rok":{"ID":53322,"Podgrupy":{"Ochrona \u015brodowiska/ II stopie\u0144/ 2 rok/ gr.1":{"ID":53323,"Podgrupy":{}},"Ochrona \u015brodowiska/ II stopie\u0144/ 2 rok/ gr.2":{"ID":61821,"Podgrupy":{}}}}},"ID":28556},"Szko\u0142y doktorskie":{"Grupy":{"Szko\u0142y doktorskie 1 rok":{"ID":49481,"Podgrupy":{}},"Szko\u0142y doktorskie 2 rok":{"ID":49482,"Podgrupy":{}}},"ID":49480},"UTW":{"Grupy":{"UTW Gr 1 - pocz\u0105tkuj\u0105ca":{"ID":39760,"Podgrupy":{}},"UTW Gr 2 - \u015bredniozaawansowana":{"ID":39761,"Podgrupy":{}},"UTW Gr 3 - zaawansowana":{"ID":39762,"Podgrupy":{}}},"ID":39759},"WNS":{"Grupy":{"WNS I rok - niestacjonarne":{"ID":39718,"Podgrupy":{"niestacj gr.1":{"ID":33975,"Podgrupy":{}},"niestacj gr.2":{"ID":36332,"Podgrupy":{}},"niestacj gr.3":{"ID":49819,"Podgrupy":{}}}},"WNS I rok - stacjonarne":{"ID":39717,"Podgrupy":{"(WNS) Zarz. zas. ludzk. gr.1 stacj":{"ID":36201,"Podgrupy":{}},"(WNS) Zarz. zas. ludzk. gr.2 stacj":{"ID":36202,"Podgrupy":{}},"(WNS) Zarz. zas. ludzk. gr.3 stacj":{"ID":36203,"Podgrupy":{}},"(WNS) Zarz. zas. ludzk. gr.4 stacj":{"ID":36204,"Podgrupy":{}},"(WNS) Zarz. zas. ludzk. gr.5 stacj":{"ID":36205,"Podgrupy":{}}}}},"ID":33974},"Wydzia\u0142 humanistyczny":{"Grupy":{"Fil roma\u0144ska":{"ID":49337,"Podgrupy":{"Fil roma\u0144ska IV rok":{"ID":50041,"Podgrupy":{"Fil roma\u0144ska IV gr.WA":{"ID":50042,"Podgrupy":{}}}},"Fil roma\u0144ska V rok":{"ID":50039,"Podgrupy":{"Fil roma\u0144ska V gr.FA":{"ID":50040,"Podgrupy":{}},"Fil roma\u0144ska V gr.WA":{"ID":49338,"Podgrupy":{}}}}}},"Fil rosyjska":{"ID":49902,"Podgrupy":{"Fil rosyjska I rok gr.1":{"ID":49339,"Podgrupy":{}},"Fil rosyjska I rok gr.2":{"ID":49340,"Podgrupy":{}},"Fil rosyjska I rok gr.3":{"ID":49341,"Podgrupy":{}},"Fil rosyjska I rok gr.4":{"ID":27812,"Podgrupy":{}},"Fil rosyjska I rok gr.5":{"ID":27956,"Podgrupy":{}},"Fil rosyjska I rok gr.6":{"ID":27957,"Podgrupy":{}}}},"Fil s\u0142owia\u0144ska":{"ID":49903,"Podgrupy":{"Fil s\u0142owia\u0144ska I rok gr.1":{"ID":49904,"Podgrupy":{}},"Fil s\u0142owia\u0144ska I rok gr.2":{"ID":49905,"Podgrupy":{}},"Fil s\u0142owia\u0144ska I rok gr.3":{"ID":49906,"Podgrupy":{}}}}},"ID":27811}},"Nazwa_Kierunku":"Inne"},{"ID_KIER":6256,"Lata":{"IB I":{"Grupy":{"IB I A":{"ID":27199,"Podgrupy":{"IB I A1":{"ID":27203,"Podgrupy":{}},"IB I A2":{"ID":27204,"Podgrupy":{}}}},"IB I B":{"ID":27200,"Podgrupy":{"IB I B3":{"ID":27202,"Podgrupy":{}}}}},"ID":27198},"IB II":{"Grupy":{"IB II A":{"ID":23799,"Podgrupy":{"IB II A1":{"ID":23801,"Podgrupy":{}},"IB II A2":{"ID":23802,"Podgrupy":{}}}}},"ID":23798},"IB III":{"Grupy":{"IB III IBiomat":{"ID":38352,"Podgrupy":{"IB III IBiomat 1":{"ID":38273,"Podgrupy":{}}}},"IB III PRB":{"ID":38353,"Podgrupy":{"IB III PRB 1":{"ID":38274,"Podgrupy":{}}}},"IB III SIwMB":{"ID":78298,"Podgrupy":{"IB III SIwMB 1":{"ID":77021,"Podgrupy":{}}}}},"ID":32850}},"Nazwa_Kierunku":"In\u017cynieria Biomedyczna I stopnia"},{"ID_KIER":40487,"Lata":{},"Nazwa_Kierunku":"Wydzia\u0142 Nauk Przyrodniczych"},{"ID_KIER":40376,"Lata":{},"Nazwa_Kierunku":"Chemia I stopnia"},{"ID_KIER":40377,"Lata":{},"Nazwa_Kierunku":"Chemia II stopnia"},{"ID_KIER":40378,"Lata":{},"Nazwa_Kierunku":"Chemia III stopnia"},{"ID_KIER":30784,"Lata":{},"Nazwa_Kierunku":"Fizyka II stopnia"},{"ID_KIER":28687,"Lata":{},"Nazwa_Kierunku":"Fizyka Medyczna II stopnia"},{"ID_KIER":6921,"Lata":{},"Nazwa_Kierunku":"Informatyka I stopnia (niestacjonarna)"},{"ID_KIER":6912,"Lata":{},"Nazwa_Kierunku":"Informatyka II stopnia"},{"ID_KIER":6913,"Lata":{},"Nazwa_Kierunku":"Informatyka II stopnia (niestacjonarna)"},{"ID_KIER":39661,"Lata":{},"Nazwa_Kierunku":"Informatyka III stopnia"},{"ID_KIER":21926,"Lata":{},"Nazwa_Kierunku":"In\u017cynieria Biomedyczna II stopnia"},{"ID_KIER":11415,"Lata":{},"Nazwa_Kierunku":"In\u017cynieria Materia\u0142owa"},{"ID_KIER":21793,"Lata":{},"Nazwa_Kierunku":"Kognitywistyka"},{"ID_KIER":40355,"Lata":{},"Nazwa_Kierunku":"Matematyka I stopnia"},{"ID_KIER":40356,"Lata":{},"Nazwa_Kierunku":"Matematyka II stopnia"},{"ID_KIER":40357,"Lata":{},"Nazwa_Kierunku":"Matematyka II stopnia (niestacjonarna)"},{"ID_KIER":40358,"Lata":{},"Nazwa_Kierunku":"Matematyka III stopnia"},{"ID_KIER":14152,"Lata":{},"Nazwa_Kierunku":"Mechatronika (stacjonarna)"},{"ID_KIER":36182,"Lata":{},"Nazwa_Kierunku":"Mikro i nanotechnologia"},{"ID_KIER":11543,"Lata":{},"Nazwa_Kierunku":"Podyplomowe"},{"ID_KIER":40379,"Lata":{},"Nazwa_Kierunku":"Technologia chemiczna I stopnia"},{"ID_KIER":38805,"Lata":{},"Nazwa_Kierunku":"Wydzia\u0142 Sztuki i Nauk o Edukacji"}]}
* Connection #0 to host 51.38.135.103 left intact

C:\Users\Parlik>curl -v -H "Content-Type: application/json" -d '{"data":"test"}' http://51.38.135.103/api/parse
*   Trying 51.38.135.103:80...
* Connected to 51.38.135.103 (51.38.135.103) port 80
* using HTTP/1.x
> POST /api/parse HTTP/1.1
> Host: 51.38.135.103
> User-Agent: curl/8.10.1
> Accept: */*
> Content-Type: application/json
> Content-Length: 13
>
* upload completely sent off: 13 bytes
< HTTP/1.1 405 METHOD NOT ALLOWED
< Server: nginx/1.26.0 (Ubuntu)
< Date: Mon, 07 Apr 2025 19:14:47 GMT
< Content-Type: text/html; charset=utf-8
< Content-Length: 153
< Connection: keep-alive
< Allow: OPTIONS, GET, HEAD
< X-Frame-Options: SAMEORIGIN
< X-XSS-Protection: 1; mode=block
< X-Content-Type-Options: nosniff
< Referrer-Policy: no-referrer-when-downgrade
< Content-Security-Policy: default-src 'self' http: https: data: blob: 'unsafe-inline'
<
<!doctype html>
<html lang=en>
<title>405 Method Not Allowed</title>
<h1>Method Not Allowed</h1>
<p>The method is not allowed for the requested URL.</p>
* Connection #0 to host 51.38.135.103 left intact

C:\Users\Parlik>curl -v -H "Content-Type: application/json" -d '{"data":"<script>alert(1)</script>"}' http://51.38.135.103/api/parse
*   Trying 51.38.135.103:80...
* Connected to 51.38.135.103 (51.38.135.103) port 80
* using HTTP/1.x
> POST /api/parse HTTP/1.1
> Host: 51.38.135.103
> User-Agent: curl/8.10.1
> Accept: */*
> Content-Type: application/json
> Content-Length: 34
>
* upload completely sent off: 34 bytes
< HTTP/1.1 405 METHOD NOT ALLOWED
< Server: nginx/1.26.0 (Ubuntu)
< Date: Mon, 07 Apr 2025 19:15:18 GMT
< Content-Type: text/html; charset=utf-8
< Content-Length: 153
< Connection: keep-alive
< Allow: OPTIONS, GET, HEAD
< X-Frame-Options: SAMEORIGIN
< X-XSS-Protection: 1; mode=block
< X-Content-Type-Options: nosniff
< Referrer-Policy: no-referrer-when-downgrade
< Content-Security-Policy: default-src 'self' http: https: data: blob: 'unsafe-inline'
<
<!doctype html>
<html lang=en>
<title>405 Method Not Allowed</title>
<h1>Method Not Allowed</h1>
<p>The method is not allowed for the requested URL.</p>
* Connection #0 to host 51.38.135.103 left intact

C:\Users\Parlik>curl -v http://51.38.135.103/api/parse?query=1%27%20OR%20%271%27=%271
*   Trying 51.38.135.103:80...
* Connected to 51.38.135.103 (51.38.135.103) port 80
* using HTTP/1.x
> GET /api/parse?query=1%27%20OR%20%271%27=%271 HTTP/1.1
> Host: 51.38.135.103
> User-Agent: curl/8.10.1
> Accept: */*
>
* Request completely sent off
< HTTP/1.1 200 OK
< Server: nginx/1.26.0 (Ubuntu)
< Date: Mon, 07 Apr 2025 19:15:30 GMT
< Content-Type: application/json
< Content-Length: 14062
< Connection: keep-alive
< X-Frame-Options: SAMEORIGIN
< X-XSS-Protection: 1; mode=block
< X-Content-Type-Options: nosniff
< Referrer-Policy: no-referrer-when-downgrade
< Content-Security-Policy: default-src 'self' http: https: data: blob: 'unsafe-inline'
<
{"courses":[{"ID_KIER":28638,"Lata":{"BF-1 rok":{"Grupy":{"BF/ I stopie\u0144/ 1rok / gr. 1":{"ID":58215,"Podgrupy":{}}},"ID":58214},"BF-2-rok":{"Grupy":{"BF/ I stopie\u0144/ 2rok":{"ID":28897,"Podgrupy":{}}},"ID":64775},"BF-3-rok":{"Grupy":{"BF/ I stopie\u0144/ 3rok/ Biofizyka molekularna":{"ID":86249,"Podgrupy":{}},"BF/ I stopie\u0144/ 3rok/ Optometria":{"ID":66584,"Podgrupy":{}}},"ID":66582}},"Nazwa_Kierunku":"Biofizyka I stopnia"},{"ID_KIER":28639,"Lata":{"BF-1 rok":{"Grupy":{"Biofizyka molekularna":{"ID":90802,"Podgrupy":{"BF/II stopie\u0144/1 rok/gr. 1":{"ID":69527,"Podgrupy":{}}}},"Optometria":{"ID":90800,"Podgrupy":{"BF/II stopie\u0144/1 rok/gr. 2":{"ID":90785,"Podgrupy":{}}}}},"ID":69528},"BF-2 rok":{"Grupy":{"BIOFAM":{"ID":86934,"Podgrupy":{"BF/II stopie\u0144/2 rok/BIOFAM":{"ID":58675,"Podgrupy":{}}}}},"ID":28653}},"Nazwa_Kierunku":"Biofizyka II stopnia"},{"ID_KIER":28643,"Lata":{"FZ/ I stopie\u0144/1 rok":{"Grupy":{"FZ/ I stopie\u0144/1 rok /gr.1":{"ID":29076,"Podgrupy":{}},"FZ/ I stopie\u0144/1 rok /gr.2":{"ID":90505,"Podgrupy":{}}},"ID":85480},"FZ/ I stopie\u0144/2 rok":{"Grupy":{},"ID":29165},"FZ/ I stopie\u0144/3 rok":{"Grupy":{},"ID":77774}},"Nazwa_Kierunku":"Fizyka I stopnia"},{"ID_KIER":28686,"Lata":{"FM-1 rok":{"Grupy":{"FM/I stopie\u0144/1 rok/gr.1":{"ID":30035,"Podgrupy":{}}},"ID":28688},"FM-2 rok":{"Grupy":{"FM/I stopie\u0144/2 rok/gr.1":{"ID":73641,"Podgrupy":{}}},"ID":73640},"FM-3 rok":{"Grupy":{"FM/I stopie\u0144/3 rok/elektroradiologia":{"ID":78518,"Podgrupy":{}}},"ID":37519},"FM-4 rok":{"Grupy":{"FM/I stopie\u0144/4 rok/elektroradiologia":{"ID":85408,"Podgrupy":{}}},"ID":85407}},"Nazwa_Kierunku":"Fizyka Medyczna I stopnia"},{"ID_KIER":49858,"Lata":{"Fizyka techniczna/4 rok":{"Grupy":{},"ID":49878}},"Nazwa_Kierunku":"Fizyka techniczna I stopnia"},{"ID_KIER":6999,"Lata":{"IN\u017b I":{"Grupy":{"IN\u017b I_1":{"ID":27163,"Podgrupy":{"IN\u017b I_1_1":{"ID":27164,"Podgrupy":{}},"IN\u017b I_1_2":{"ID":27165,"Podgrupy":{}}}},"IN\u017b I_2":{"ID":27166,"Podgrupy":{"IN\u017b I_2_3":{"ID":27168,"Podgrupy":{}},"IN\u017b I_2_4":{"ID":48064,"Podgrupy":{}}}},"IN\u017b I_3":{"ID":27169,"Podgrupy":{"IN\u017b I_3_5":{"ID":27170,"Podgrupy":{}},"IN\u017b I_3_6":{"ID":27171,"Podgrupy":{}}}},"IN\u017b I_4":{"ID":27172,"Podgrupy":{"IN\u017b I_4_7":{"ID":27173,"Podgrupy":{}},"IN\u017b I_4_8 - grupa zlikwidowana":{"ID":27174,"Podgrupy":{}}}}},"ID":27162},"IN\u017b II":{"Grupy":{"IN\u017b II_GAWiH":{"ID":68061,"Podgrupy":{"IN\u017b II_GAWiH_1":{"ID":48167,"Podgrupy":{}}}},"IN\u017b II_IO":{"ID":68063,"Podgrupy":{"IN\u017b II_IO_1":{"ID":55989,"Podgrupy":{}},"IN\u017b II_IO_2":{"ID":84806,"Podgrupy":{}}}},"IN\u017b II_ISI":{"ID":68062,"Podgrupy":{"IN\u017b II_ISI_1":{"ID":48173,"Podgrupy":{}}}},"IN\u017b II_PAW":{"ID":82112,"Podgrupy":{"IN\u017b II_PAW_1":{"ID":82113,"Podgrupy":{}},"IN\u017b II_PAW_2":{"ID":55988,"Podgrupy":{}}}},"IN\u017b II_PGK":{"ID":48164,"Podgrupy":{"IN\u017b II_PGK_1_1":{"ID":48165,"Podgrupy":{}}}}},"ID":48159},"IN\u017b III":{"Grupy":{"IN\u017b III GAWiH":{"ID":76450,"Podgrupy":{"IN\u017b III GAWiH1":{"ID":76451,"Podgrupy":{}}}},"IN\u017b III IO":{"ID":37992,"Podgrupy":{"IN\u017b III IO1":{"ID":38026,"Podgrupy":{}},"IN\u017b III IO2":{"ID":38027,"Podgrupy":{}},"IN\u017b III IO3":{"ID":38033,"Podgrupy":{}}}},"IN\u017b III ISI":{"ID":37995,"Podgrupy":{"IN\u017b III ISI1":{"ID":38035,"Podgrupy":{}}}},"IN\u017b III PAW":{"ID":37993,"Podgrupy":{"IN\u017b III PAW1":{"ID":38036,"Podgrupy":{}},"IN\u017b III PAW2":{"ID":38029,"Podgrupy":{}},"IN\u017b III PAW3 - do likwidacji":{"ID":38030,"Podgrupy":{}}}},"IN\u017b III PGK":{"ID":37997,"Podgrupy":{"IN\u017b III PGK1":{"ID":38037,"Podgrupy":{}}}}},"ID":37811},"IN\u017b IV":{"Grupy":{"IN\u017b IV GAWiH":{"ID":85278,"Podgrupy":{"IN\u017b IV GAWiH1":{"ID":85279,"Podgrupy":{}}}},"IN\u017b IV IO":{"ID":32830,"Podgrupy":{"IN\u017b IV IO1":{"ID":32840,"Podgrupy":{}},"IN\u017b IV IO2":{"ID":32839,"Podgrupy":{}},"IN\u017b IV IO3":{"ID":68088,"Podgrupy":{}}}},"IN\u017b IV ISI":{"ID":32831,"Podgrupy":{"IN\u017b IV ISI1":{"ID":32841,"Podgrupy":{}},"IN\u017b IV ISI2":{"ID":76453,"Podgrupy":{}}}},"IN\u017b IV PAW":{"ID":32833,"Podgrupy":{"IN\u017b IV PAW1":{"ID":32844,"Podgrupy":{}},"IN\u017b IV PAW2":{"ID":32845,"Podgrupy":{}},"IN\u017b IV PAW3":{"ID":68089,"Podgrupy":{}}}},"IN\u017b IV PGK":{"ID":32835,"Podgrupy":{"IN\u017b IV PGK1":{"ID":32836,"Podgrupy":{}}}}},"ID":32829}},"Nazwa_Kierunku":"Informatyka I stopnia"},{"ID_KIER":28698,"Lata":{"IS-1 rok":{"Grupy":{"IS-Gr.1(gr.01/1 rok, gr.02/1 rok)":{"ID":31429,"Podgrupy":{"IS/ 1 rok/ gr. 01":{"ID":28723,"Podgrupy":{}},"IS/ 1 rok/ gr. 02":{"ID":28724,"Podgrupy":{}}}},"IS-Gr.2(gr.03/1 rok, gr.04/1 rok)":{"ID":31430,"Podgrupy":{"IS/ 1 rok/ gr. 03":{"ID":28736,"Podgrupy":{}},"IS/ 1 rok/ gr. 04":{"ID":28742,"Podgrupy":{}}}},"IS-Gr.3(gr.05/1 rok, gr.06/1 rok)":{"ID":31433,"Podgrupy":{"IS/ 1 rok/ gr. 05":{"ID":28738,"Podgrupy":{}},"IS/ 1 rok/ gr. 06":{"ID":28739,"Podgrupy":{}}}},"IS-Gr.4(gr.07/1 rok, gr.08/1 rok)":{"ID":53150,"Podgrupy":{"IS/ 1 rok/ gr. 07":{"ID":53151,"Podgrupy":{}},"IS/ 1 rok/ gr. 08":{"ID":53152,"Podgrupy":{}}}},"IS-Gr.5(gr.09/1 rok, gr.10/1 rok)":{"ID":85011,"Podgrupy":{"IS/ 1 rok/ gr. 09":{"ID":85012,"Podgrupy":{}},"IS/ 1 rok/ gr. 10":{"ID":85013,"Podgrupy":{}}}}},"ID":28699},"IS-2 rok":{"Grupy":{"IS-Gr.1 (gr.01/2 rok, gr.02/2 rok)":{"ID":31460,"Podgrupy":{"IS/2 rok/gr.01":{"ID":28793,"Podgrupy":{}},"IS/2 rok/gr.02":{"ID":28794,"Podgrupy":{}}}},"IS-Gr.2 (gr.03/2 rok, gr.04/2 rok)":{"ID":31461,"Podgrupy":{"IS/2 rok/gr.03":{"ID":28795,"Podgrupy":{}},"IS/2 rok/gr.04":{"ID":28796,"Podgrupy":{}}}},"IS-Gr.3 (gr.05/2 rok, gr.06/2 rok)":{"ID":31462,"Podgrupy":{"IS/2 rok/gr.05":{"ID":28797,"Podgrupy":{}},"IS/2 rok/gr.06":{"ID":55896,"Podgrupy":{}}}}},"ID":28700},"IS-3 rok":{"Grupy":{"IS/3 rok/gr.1":{"ID":31353,"Podgrupy":{}},"IS/3 rok/gr.2":{"ID":29379,"Podgrupy":{}},"IS/3 rok/gr.3":{"ID":29377,"Podgrupy":{}},"IS/3 rok/gr.4":{"ID":29374,"Podgrupy":{}}},"ID":28701},"IS-4 rok":{"Grupy":{"IS/4 rok/gr.1":{"ID":85355,"Podgrupy":{}},"IS/4 rok/gr.2":{"ID":85356,"Podgrupy":{}},"IS/4 rok/gr.3":{"ID":85357,"Podgrupy":{}},"IS/4 rok/gr.4":{"ID":85358,"Podgrupy":{}}},"ID":85354}},"Nazwa_Kierunku":"Informatyka Stosowana I stopnia"},{"ID_KIER":8857,"Lata":{"BPOIT":{"Grupy":{"BPOIT gr 1":{"ID":39815,"Podgrupy":{}},"BPOIT gr 2":{"ID":39816,"Podgrupy":{}}},"ID":39814},"Biotechnologia":{"Grupy":{"BT-I stopnia":{"ID":33962,"Podgrupy":{"TB-1 rok/ 1 semestr":{"ID":33966,"Podgrupy":{"BT- gr. 1":{"ID":33961,"Podgrupy":{}},"BT- gr. 2":{"ID":33967,"Podgrupy":{}},"BT- gr. 3":{"ID":33969,"Podgrupy":{}},"BT- gr. 4":{"ID":33968,"Podgrupy":{}}}}}}},"ID":33960},"Dziennikarstwo i komunikacja spo\u0142eczna":{"Grupy":{"Grupa 1":{"ID":31793,"Podgrupy":{}},"Grupa 10":{"ID":50362,"Podgrupy":{}},"Grupa 11":{"ID":50363,"Podgrupy":{}},"Grupa 12":{"ID":50364,"Podgrupy":{}},"Grupa 2":{"ID":42900,"Podgrupy":{}},"Grupa 3":{"ID":42901,"Podgrupy":{}},"Grupa 5":{"ID":42903,"Podgrupy":{}},"Grupa 7":{"ID":50361,"Podgrupy":{}},"Grupa 8":{"ID":42902,"Podgrupy":{}},"Grupa 9":{"ID":50360,"Podgrupy":{}}},"ID":31794},"Dziennikarstwo i komunikacja spo\u0142eczna (niestacjonarne)":{"Grupy":{"Grupa 1 (niestacj.)":{"ID":42910,"Podgrupy":{}},"Grupa 2 (niestacj.)":{"ID":42911,"Podgrupy":{}}},"ID":42909},"Erasmus":{"Grupy":{"Erasmus+":{"ID":20267,"Podgrupy":{}}},"ID":15969},"Geofizyka":{"Grupy":{"GF/1 rok/II stopnia":{"ID":30414,"Podgrupy":{}},"GF/2 rok/II stopnia":{"ID":30419,"Podgrupy":{}},"Geografia":{"ID":38020,"Podgrupy":{}}},"ID":28549},"Komunikacja Cyfrowa":{"Grupy":{"1 rok":{"ID":47893,"Podgrupy":{"KC/1 rok/gr.1":{"ID":47895,"Podgrupy":{}},"KC/1 rok/gr.2":{"ID":47896,"Podgrupy":{}},"KC/1 rok/gr.3":{"ID":47897,"Podgrupy":{}},"KC/1 rok/gr.4":{"ID":78846,"Podgrupy":{}}}},"2 rok":{"ID":56776,"Podgrupy":{"KC/2 rok/gr.1":{"ID":56777,"Podgrupy":{}},"KC/2 rok/gr.2":{"ID":56778,"Podgrupy":{}},"KC/2 rok/gr.3":{"ID":82188,"Podgrupy":{}}}},"3 rok":{"ID":69124,"Podgrupy":{"KC/3 rok/gr.1":{"ID":69125,"Podgrupy":{}},"KC/3 rok/gr.2":{"ID":67707,"Podgrupy":{}}}}},"ID":47892},"Mi\u0119dzynarodowa \u015arodowiskowa Szkola Doktorska":{"Grupy":{"Mi\u0119dz. \u015arod. Szko\u0142a Dokt. 1 rok":{"ID":49499,"Podgrupy":{}},"Mi\u0119dz. \u015arod. Szko\u0142a Dokt. 2 rok":{"ID":49501,"Podgrupy":{}}},"ID":49498},"Ochrona \u015arodowiska":{"Grupy":{"Ochrona \u015arodowiska I stopie\u0144 1 rok":{"ID":49631,"Podgrupy":{"Ochrona \u015arodowiska / Grupa 1":{"ID":81847,"Podgrupy":{"Ochrona \u015brodowiska/ I stopie\u0144/ 1 rok/ gr. 1":{"ID":49632,"Podgrupy":{}},"Ochrona \u015brodowiska/ I stopie\u0144/ 1 rok/ gr. 2":{"ID":49633,"Podgrupy":{}}}},"Ochrona \u015arodowiska / Grupa 2":{"ID":81848,"Podgrupy":{"Ochrona \u015brodowiska/ I stopie\u0144/ 1 rok/ gr. 3":{"ID":49634,"Podgrupy":{}},"Ochrona \u015brodowiska/ I stopie\u0144/ 1 rok/ gr. 4":{"ID":69240,"Podgrupy":{}}}}}},"Ochrona \u015arodowiska I stopie\u0144 2 rok":{"ID":34446,"Podgrupy":{"Ochrona \u015brodowiska/ I stopie\u0144/ 2 rok/ gr. 1":{"ID":30936,"Podgrupy":{}},"Ochrona \u015brodowiska/ I stopie\u0144/ 2 rok/ gr. 2":{"ID":34447,"Podgrupy":{}},"Ochrona \u015brodowiska/ I stopie\u0144/ 2 rok/ gr. 3":{"ID":38932,"Podgrupy":{}}}},"Ochrona \u015arodowiska II stopie\u0144 1 rok":{"ID":34444,"Podgrupy":{"Ochrona \u015brodowiska/ II stopie\u0144/ 1 rok/ gr.1":{"ID":34001,"Podgrupy":{}},"Ochrona \u015brodowiska/ II stopie\u0144/ 1 rok/ gr.2":{"ID":61800,"Podgrupy":{}},"Ochrona \u015brodowiska/ II stopie\u0144/ 1 rok/ gr.3":{"ID":61801,"Podgrupy":{}}}},"Ochrona \u015arodowiska II stopie\u0144 2 rok":{"ID":53322,"Podgrupy":{"Ochrona \u015brodowiska/ II stopie\u0144/ 2 rok/ gr.1":{"ID":53323,"Podgrupy":{}},"Ochrona \u015brodowiska/ II stopie\u0144/ 2 rok/ gr.2":{"ID":61821,"Podgrupy":{}}}}},"ID":28556},"Szko\u0142y doktorskie":{"Grupy":{"Szko\u0142y doktorskie 1 rok":{"ID":49481,"Podgrupy":{}},"Szko\u0142y doktorskie 2 rok":{"ID":49482,"Podgrupy":{}}},"ID":49480},"UTW":{"Grupy":{"UTW Gr 1 - pocz\u0105tkuj\u0105ca":{"ID":39760,"Podgrupy":{}},"UTW Gr 2 - \u015bredniozaawansowana":{"ID":39761,"Podgrupy":{}},"UTW Gr 3 - zaawansowana":{"ID":39762,"Podgrupy":{}}},"ID":39759},"WNS":{"Grupy":{"WNS I rok - niestacjonarne":{"ID":39718,"Podgrupy":{"niestacj gr.1":{"ID":33975,"Podgrupy":{}},"niestacj gr.2":{"ID":36332,"Podgrupy":{}},"niestacj gr.3":{"ID":49819,"Podgrupy":{}}}},"WNS I rok - stacjonarne":{"ID":39717,"Podgrupy":{"(WNS) Zarz. zas. ludzk. gr.1 stacj":{"ID":36201,"Podgrupy":{}},"(WNS) Zarz. zas. ludzk. gr.2 stacj":{"ID":36202,"Podgrupy":{}},"(WNS) Zarz. zas. ludzk. gr.3 stacj":{"ID":36203,"Podgrupy":{}},"(WNS) Zarz. zas. ludzk. gr.4 stacj":{"ID":36204,"Podgrupy":{}},"(WNS) Zarz. zas. ludzk. gr.5 stacj":{"ID":36205,"Podgrupy":{}}}}},"ID":33974},"Wydzia\u0142 humanistyczny":{"Grupy":{"Fil roma\u0144ska":{"ID":49337,"Podgrupy":{"Fil roma\u0144ska IV rok":{"ID":50041,"Podgrupy":{"Fil roma\u0144ska IV gr.WA":{"ID":50042,"Podgrupy":{}}}},"Fil roma\u0144ska V rok":{"ID":50039,"Podgrupy":{"Fil roma\u0144ska V gr.FA":{"ID":50040,"Podgrupy":{}},"Fil roma\u0144ska V gr.WA":{"ID":49338,"Podgrupy":{}}}}}},"Fil rosyjska":{"ID":49902,"Podgrupy":{"Fil rosyjska I rok gr.1":{"ID":49339,"Podgrupy":{}},"Fil rosyjska I rok gr.2":{"ID":49340,"Podgrupy":{}},"Fil rosyjska I rok gr.3":{"ID":49341,"Podgrupy":{}},"Fil rosyjska I rok gr.4":{"ID":27812,"Podgrupy":{}},"Fil rosyjska I rok gr.5":{"ID":27956,"Podgrupy":{}},"Fil rosyjska I rok gr.6":{"ID":27957,"Podgrupy":{}}}},"Fil s\u0142owia\u0144ska":{"ID":49903,"Podgrupy":{"Fil s\u0142owia\u0144ska I rok gr.1":{"ID":49904,"Podgrupy":{}},"Fil s\u0142owia\u0144ska I rok gr.2":{"ID":49905,"Podgrupy":{}},"Fil s\u0142owia\u0144ska I rok gr.3":{"ID":49906,"Podgrupy":{}}}}},"ID":27811}},"Nazwa_Kierunku":"Inne"},{"ID_KIER":6256,"Lata":{"IB I":{"Grupy":{"IB I A":{"ID":27199,"Podgrupy":{"IB I A1":{"ID":27203,"Podgrupy":{}},"IB I A2":{"ID":27204,"Podgrupy":{}}}},"IB I B":{"ID":27200,"Podgrupy":{"IB I B3":{"ID":27202,"Podgrupy":{}}}}},"ID":27198},"IB II":{"Grupy":{"IB II A":{"ID":23799,"Podgrupy":{"IB II A1":{"ID":23801,"Podgrupy":{}},"IB II A2":{"ID":23802,"Podgrupy":{}}}}},"ID":23798},"IB III":{"Grupy":{"IB III IBiomat":{"ID":38352,"Podgrupy":{"IB III IBiomat 1":{"ID":38273,"Podgrupy":{}}}},"IB III PRB":{"ID":38353,"Podgrupy":{"IB III PRB 1":{"ID":38274,"Podgrupy":{}}}},"IB III SIwMB":{"ID":78298,"Podgrupy":{"IB III SIwMB 1":{"ID":77021,"Podgrupy":{}}}}},"ID":32850}},"Nazwa_Kierunku":"In\u017cynieria Biomedyczna I stopnia"},{"ID_KIER":40487,"Lata":{},"Nazwa_Kierunku":"Wydzia\u0142 Nauk Przyrodniczych"},{"ID_KIER":40376,"Lata":{},"Nazwa_Kierunku":"Chemia I stopnia"},{"ID_KIER":40377,"Lata":{},"Nazwa_Kierunku":"Chemia II stopnia"},{"ID_KIER":40378,"Lata":{},"Nazwa_Kierunku":"Chemia III stopnia"},{"ID_KIER":30784,"Lata":{},"Nazwa_Kierunku":"Fizyka II stopnia"},{"ID_KIER":28687,"Lata":{},"Nazwa_Kierunku":"Fizyka Medyczna II stopnia"},{"ID_KIER":6921,"Lata":{},"Nazwa_Kierunku":"Informatyka I stopnia (niestacjonarna)"},{"ID_KIER":6912,"Lata":{},"Nazwa_Kierunku":"Informatyka II stopnia"},{"ID_KIER":6913,"Lata":{},"Nazwa_Kierunku":"Informatyka II stopnia (niestacjonarna)"},{"ID_KIER":39661,"Lata":{},"Nazwa_Kierunku":"Informatyka III stopnia"},{"ID_KIER":21926,"Lata":{},"Nazwa_Kierunku":"In\u017cynieria Biomedyczna II stopnia"},{"ID_KIER":11415,"Lata":{},"Nazwa_Kierunku":"In\u017cynieria Materia\u0142owa"},{"ID_KIER":21793,"Lata":{},"Nazwa_Kierunku":"Kognitywistyka"},{"ID_KIER":40355,"Lata":{},"Nazwa_Kierunku":"Matematyka I stopnia"},{"ID_KIER":40356,"Lata":{},"Nazwa_Kierunku":"Matematyka II stopnia"},{"ID_KIER":40357,"Lata":{},"Nazwa_Kierunku":"Matematyka II stopnia (niestacjonarna)"},{"ID_KIER":40358,"Lata":{},"Nazwa_Kierunku":"Matematyka III stopnia"},{"ID_KIER":14152,"Lata":{},"Nazwa_Kierunku":"Mechatronika (stacjonarna)"},{"ID_KIER":36182,"Lata":{},"Nazwa_Kierunku":"Mikro i nanotechnologia"},{"ID_KIER":11543,"Lata":{},"Nazwa_Kierunku":"Podyplomowe"},{"ID_KIER":40379,"Lata":{},"Nazwa_Kierunku":"Technologia chemiczna I stopnia"},{"ID_KIER":38805,"Lata":{},"Nazwa_Kierunku":"Wydzia\u0142 Sztuki i Nauk o Edukacji"}]}
* Connection #0 to host 51.38.135.103 left intact

C:\Users\Parlik>curl -v -H "Content-Type: application/json" -d '{"filename":"test.txt; cat /etc/passwd"}' http://51.38.135.103/api/parse
*   Trying 51.38.135.103:80...
* Connected to 51.38.135.103 (51.38.135.103) port 80
* using HTTP/1.x
> POST /api/parse HTTP/1.1
> Host: 51.38.135.103
> User-Agent: curl/8.10.1
> Accept: */*
> Content-Type: application/json
> Content-Length: 38
>
* upload completely sent off: 38 bytes
< HTTP/1.1 405 METHOD NOT ALLOWED
< Server: nginx/1.26.0 (Ubuntu)
< Date: Mon, 07 Apr 2025 19:15:41 GMT
< Content-Type: text/html; charset=utf-8
< Content-Length: 153
< Connection: keep-alive
< Allow: OPTIONS, GET, HEAD
< X-Frame-Options: SAMEORIGIN
< X-XSS-Protection: 1; mode=block
< X-Content-Type-Options: nosniff
< Referrer-Policy: no-referrer-when-downgrade
< Content-Security-Policy: default-src 'self' http: https: data: blob: 'unsafe-inline'
<
<!doctype html>
<html lang=en>
<title>405 Method Not Allowed</title>
<h1>Method Not Allowed</h1>
<p>The method is not allowed for the requested URL.</p>
* Connection #0 to host 51.38.135.103 left intact

C:\Users\Parlik>curl -v -H "Origin: https://evil.com" http://51.38.135.103/api/parse
*   Trying 51.38.135.103:80...
* Connected to 51.38.135.103 (51.38.135.103) port 80
* using HTTP/1.x
> GET /api/parse HTTP/1.1
> Host: 51.38.135.103
> User-Agent: curl/8.10.1
> Accept: */*
> Origin: https://evil.com
>
* Request completely sent off
< HTTP/1.1 200 OK
< Server: nginx/1.26.0 (Ubuntu)
< Date: Mon, 07 Apr 2025 19:15:59 GMT
< Content-Type: application/json
< Content-Length: 14062
< Connection: keep-alive
< X-Frame-Options: SAMEORIGIN
< X-XSS-Protection: 1; mode=block
< X-Content-Type-Options: nosniff
< Referrer-Policy: no-referrer-when-downgrade
< Content-Security-Policy: default-src 'self' http: https: data: blob: 'unsafe-inline'
<
{"courses":[{"ID_KIER":28638,"Lata":{"BF-1 rok":{"Grupy":{"BF/ I stopie\u0144/ 1rok / gr. 1":{"ID":58215,"Podgrupy":{}}},"ID":58214},"BF-2-rok":{"Grupy":{"BF/ I stopie\u0144/ 2rok":{"ID":28897,"Podgrupy":{}}},"ID":64775},"BF-3-rok":{"Grupy":{"BF/ I stopie\u0144/ 3rok/ Biofizyka molekularna":{"ID":86249,"Podgrupy":{}},"BF/ I stopie\u0144/ 3rok/ Optometria":{"ID":66584,"Podgrupy":{}}},"ID":66582}},"Nazwa_Kierunku":"Biofizyka I stopnia"},{"ID_KIER":28639,"Lata":{"BF-1 rok":{"Grupy":{"Biofizyka molekularna":{"ID":90802,"Podgrupy":{"BF/II stopie\u0144/1 rok/gr. 1":{"ID":69527,"Podgrupy":{}}}},"Optometria":{"ID":90800,"Podgrupy":{"BF/II stopie\u0144/1 rok/gr. 2":{"ID":90785,"Podgrupy":{}}}}},"ID":69528},"BF-2 rok":{"Grupy":{"BIOFAM":{"ID":86934,"Podgrupy":{"BF/II stopie\u0144/2 rok/BIOFAM":{"ID":58675,"Podgrupy":{}}}}},"ID":28653}},"Nazwa_Kierunku":"Biofizyka II stopnia"},{"ID_KIER":28643,"Lata":{"FZ/ I stopie\u0144/1 rok":{"Grupy":{"FZ/ I stopie\u0144/1 rok /gr.1":{"ID":29076,"Podgrupy":{}},"FZ/ I stopie\u0144/1 rok /gr.2":{"ID":90505,"Podgrupy":{}}},"ID":85480},"FZ/ I stopie\u0144/2 rok":{"Grupy":{},"ID":29165},"FZ/ I stopie\u0144/3 rok":{"Grupy":{},"ID":77774}},"Nazwa_Kierunku":"Fizyka I stopnia"},{"ID_KIER":28686,"Lata":{"FM-1 rok":{"Grupy":{"FM/I stopie\u0144/1 rok/gr.1":{"ID":30035,"Podgrupy":{}}},"ID":28688},"FM-2 rok":{"Grupy":{"FM/I stopie\u0144/2 rok/gr.1":{"ID":73641,"Podgrupy":{}}},"ID":73640},"FM-3 rok":{"Grupy":{"FM/I stopie\u0144/3 rok/elektroradiologia":{"ID":78518,"Podgrupy":{}}},"ID":37519},"FM-4 rok":{"Grupy":{"FM/I stopie\u0144/4 rok/elektroradiologia":{"ID":85408,"Podgrupy":{}}},"ID":85407}},"Nazwa_Kierunku":"Fizyka Medyczna I stopnia"},{"ID_KIER":49858,"Lata":{"Fizyka techniczna/4 rok":{"Grupy":{},"ID":49878}},"Nazwa_Kierunku":"Fizyka techniczna I stopnia"},{"ID_KIER":6999,"Lata":{"IN\u017b I":{"Grupy":{"IN\u017b I_1":{"ID":27163,"Podgrupy":{"IN\u017b I_1_1":{"ID":27164,"Podgrupy":{}},"IN\u017b I_1_2":{"ID":27165,"Podgrupy":{}}}},"IN\u017b I_2":{"ID":27166,"Podgrupy":{"IN\u017b I_2_3":{"ID":27168,"Podgrupy":{}},"IN\u017b I_2_4":{"ID":48064,"Podgrupy":{}}}},"IN\u017b I_3":{"ID":27169,"Podgrupy":{"IN\u017b I_3_5":{"ID":27170,"Podgrupy":{}},"IN\u017b I_3_6":{"ID":27171,"Podgrupy":{}}}},"IN\u017b I_4":{"ID":27172,"Podgrupy":{"IN\u017b I_4_7":{"ID":27173,"Podgrupy":{}},"IN\u017b I_4_8 - grupa zlikwidowana":{"ID":27174,"Podgrupy":{}}}}},"ID":27162},"IN\u017b II":{"Grupy":{"IN\u017b II_GAWiH":{"ID":68061,"Podgrupy":{"IN\u017b II_GAWiH_1":{"ID":48167,"Podgrupy":{}}}},"IN\u017b II_IO":{"ID":68063,"Podgrupy":{"IN\u017b II_IO_1":{"ID":55989,"Podgrupy":{}},"IN\u017b II_IO_2":{"ID":84806,"Podgrupy":{}}}},"IN\u017b II_ISI":{"ID":68062,"Podgrupy":{"IN\u017b II_ISI_1":{"ID":48173,"Podgrupy":{}}}},"IN\u017b II_PAW":{"ID":82112,"Podgrupy":{"IN\u017b II_PAW_1":{"ID":82113,"Podgrupy":{}},"IN\u017b II_PAW_2":{"ID":55988,"Podgrupy":{}}}},"IN\u017b II_PGK":{"ID":48164,"Podgrupy":{"IN\u017b II_PGK_1_1":{"ID":48165,"Podgrupy":{}}}}},"ID":48159},"IN\u017b III":{"Grupy":{"IN\u017b III GAWiH":{"ID":76450,"Podgrupy":{"IN\u017b III GAWiH1":{"ID":76451,"Podgrupy":{}}}},"IN\u017b III IO":{"ID":37992,"Podgrupy":{"IN\u017b III IO1":{"ID":38026,"Podgrupy":{}},"IN\u017b III IO2":{"ID":38027,"Podgrupy":{}},"IN\u017b III IO3":{"ID":38033,"Podgrupy":{}}}},"IN\u017b III ISI":{"ID":37995,"Podgrupy":{"IN\u017b III ISI1":{"ID":38035,"Podgrupy":{}}}},"IN\u017b III PAW":{"ID":37993,"Podgrupy":{"IN\u017b III PAW1":{"ID":38036,"Podgrupy":{}},"IN\u017b III PAW2":{"ID":38029,"Podgrupy":{}},"IN\u017b III PAW3 - do likwidacji":{"ID":38030,"Podgrupy":{}}}},"IN\u017b III PGK":{"ID":37997,"Podgrupy":{"IN\u017b III PGK1":{"ID":38037,"Podgrupy":{}}}}},"ID":37811},"IN\u017b IV":{"Grupy":{"IN\u017b IV GAWiH":{"ID":85278,"Podgrupy":{"IN\u017b IV GAWiH1":{"ID":85279,"Podgrupy":{}}}},"IN\u017b IV IO":{"ID":32830,"Podgrupy":{"IN\u017b IV IO1":{"ID":32840,"Podgrupy":{}},"IN\u017b IV IO2":{"ID":32839,"Podgrupy":{}},"IN\u017b IV IO3":{"ID":68088,"Podgrupy":{}}}},"IN\u017b IV ISI":{"ID":32831,"Podgrupy":{"IN\u017b IV ISI1":{"ID":32841,"Podgrupy":{}},"IN\u017b IV ISI2":{"ID":76453,"Podgrupy":{}}}},"IN\u017b IV PAW":{"ID":32833,"Podgrupy":{"IN\u017b IV PAW1":{"ID":32844,"Podgrupy":{}},"IN\u017b IV PAW2":{"ID":32845,"Podgrupy":{}},"IN\u017b IV PAW3":{"ID":68089,"Podgrupy":{}}}},"IN\u017b IV PGK":{"ID":32835,"Podgrupy":{"IN\u017b IV PGK1":{"ID":32836,"Podgrupy":{}}}}},"ID":32829}},"Nazwa_Kierunku":"Informatyka I stopnia"},{"ID_KIER":28698,"Lata":{"IS-1 rok":{"Grupy":{"IS-Gr.1(gr.01/1 rok, gr.02/1 rok)":{"ID":31429,"Podgrupy":{"IS/ 1 rok/ gr. 01":{"ID":28723,"Podgrupy":{}},"IS/ 1 rok/ gr. 02":{"ID":28724,"Podgrupy":{}}}},"IS-Gr.2(gr.03/1 rok, gr.04/1 rok)":{"ID":31430,"Podgrupy":{"IS/ 1 rok/ gr. 03":{"ID":28736,"Podgrupy":{}},"IS/ 1 rok/ gr. 04":{"ID":28742,"Podgrupy":{}}}},"IS-Gr.3(gr.05/1 rok, gr.06/1 rok)":{"ID":31433,"Podgrupy":{"IS/ 1 rok/ gr. 05":{"ID":28738,"Podgrupy":{}},"IS/ 1 rok/ gr. 06":{"ID":28739,"Podgrupy":{}}}},"IS-Gr.4(gr.07/1 rok, gr.08/1 rok)":{"ID":53150,"Podgrupy":{"IS/ 1 rok/ gr. 07":{"ID":53151,"Podgrupy":{}},"IS/ 1 rok/ gr. 08":{"ID":53152,"Podgrupy":{}}}},"IS-Gr.5(gr.09/1 rok, gr.10/1 rok)":{"ID":85011,"Podgrupy":{"IS/ 1 rok/ gr. 09":{"ID":85012,"Podgrupy":{}},"IS/ 1 rok/ gr. 10":{"ID":85013,"Podgrupy":{}}}}},"ID":28699},"IS-2 rok":{"Grupy":{"IS-Gr.1 (gr.01/2 rok, gr.02/2 rok)":{"ID":31460,"Podgrupy":{"IS/2 rok/gr.01":{"ID":28793,"Podgrupy":{}},"IS/2 rok/gr.02":{"ID":28794,"Podgrupy":{}}}},"IS-Gr.2 (gr.03/2 rok, gr.04/2 rok)":{"ID":31461,"Podgrupy":{"IS/2 rok/gr.03":{"ID":28795,"Podgrupy":{}},"IS/2 rok/gr.04":{"ID":28796,"Podgrupy":{}}}},"IS-Gr.3 (gr.05/2 rok, gr.06/2 rok)":{"ID":31462,"Podgrupy":{"IS/2 rok/gr.05":{"ID":28797,"Podgrupy":{}},"IS/2 rok/gr.06":{"ID":55896,"Podgrupy":{}}}}},"ID":28700},"IS-3 rok":{"Grupy":{"IS/3 rok/gr.1":{"ID":31353,"Podgrupy":{}},"IS/3 rok/gr.2":{"ID":29379,"Podgrupy":{}},"IS/3 rok/gr.3":{"ID":29377,"Podgrupy":{}},"IS/3 rok/gr.4":{"ID":29374,"Podgrupy":{}}},"ID":28701},"IS-4 rok":{"Grupy":{"IS/4 rok/gr.1":{"ID":85355,"Podgrupy":{}},"IS/4 rok/gr.2":{"ID":85356,"Podgrupy":{}},"IS/4 rok/gr.3":{"ID":85357,"Podgrupy":{}},"IS/4 rok/gr.4":{"ID":85358,"Podgrupy":{}}},"ID":85354}},"Nazwa_Kierunku":"Informatyka Stosowana I stopnia"},{"ID_KIER":8857,"Lata":{"BPOIT":{"Grupy":{"BPOIT gr 1":{"ID":39815,"Podgrupy":{}},"BPOIT gr 2":{"ID":39816,"Podgrupy":{}}},"ID":39814},"Biotechnologia":{"Grupy":{"BT-I stopnia":{"ID":33962,"Podgrupy":{"TB-1 rok/ 1 semestr":{"ID":33966,"Podgrupy":{"BT- gr. 1":{"ID":33961,"Podgrupy":{}},"BT- gr. 2":{"ID":33967,"Podgrupy":{}},"BT- gr. 3":{"ID":33969,"Podgrupy":{}},"BT- gr. 4":{"ID":33968,"Podgrupy":{}}}}}}},"ID":33960},"Dziennikarstwo i komunikacja spo\u0142eczna":{"Grupy":{"Grupa 1":{"ID":31793,"Podgrupy":{}},"Grupa 10":{"ID":50362,"Podgrupy":{}},"Grupa 11":{"ID":50363,"Podgrupy":{}},"Grupa 12":{"ID":50364,"Podgrupy":{}},"Grupa 2":{"ID":42900,"Podgrupy":{}},"Grupa 3":{"ID":42901,"Podgrupy":{}},"Grupa 5":{"ID":42903,"Podgrupy":{}},"Grupa 7":{"ID":50361,"Podgrupy":{}},"Grupa 8":{"ID":42902,"Podgrupy":{}},"Grupa 9":{"ID":50360,"Podgrupy":{}}},"ID":31794},"Dziennikarstwo i komunikacja spo\u0142eczna (niestacjonarne)":{"Grupy":{"Grupa 1 (niestacj.)":{"ID":42910,"Podgrupy":{}},"Grupa 2 (niestacj.)":{"ID":42911,"Podgrupy":{}}},"ID":42909},"Erasmus":{"Grupy":{"Erasmus+":{"ID":20267,"Podgrupy":{}}},"ID":15969},"Geofizyka":{"Grupy":{"GF/1 rok/II stopnia":{"ID":30414,"Podgrupy":{}},"GF/2 rok/II stopnia":{"ID":30419,"Podgrupy":{}},"Geografia":{"ID":38020,"Podgrupy":{}}},"ID":28549},"Komunikacja Cyfrowa":{"Grupy":{"1 rok":{"ID":47893,"Podgrupy":{"KC/1 rok/gr.1":{"ID":47895,"Podgrupy":{}},"KC/1 rok/gr.2":{"ID":47896,"Podgrupy":{}},"KC/1 rok/gr.3":{"ID":47897,"Podgrupy":{}},"KC/1 rok/gr.4":{"ID":78846,"Podgrupy":{}}}},"2 rok":{"ID":56776,"Podgrupy":{"KC/2 rok/gr.1":{"ID":56777,"Podgrupy":{}},"KC/2 rok/gr.2":{"ID":56778,"Podgrupy":{}},"KC/2 rok/gr.3":{"ID":82188,"Podgrupy":{}}}},"3 rok":{"ID":69124,"Podgrupy":{"KC/3 rok/gr.1":{"ID":69125,"Podgrupy":{}},"KC/3 rok/gr.2":{"ID":67707,"Podgrupy":{}}}}},"ID":47892},"Mi\u0119dzynarodowa \u015arodowiskowa Szkola Doktorska":{"Grupy":{"Mi\u0119dz. \u015arod. Szko\u0142a Dokt. 1 rok":{"ID":49499,"Podgrupy":{}},"Mi\u0119dz. \u015arod. Szko\u0142a Dokt. 2 rok":{"ID":49501,"Podgrupy":{}}},"ID":49498},"Ochrona \u015arodowiska":{"Grupy":{"Ochrona \u015arodowiska I stopie\u0144 1 rok":{"ID":49631,"Podgrupy":{"Ochrona \u015arodowiska / Grupa 1":{"ID":81847,"Podgrupy":{"Ochrona \u015brodowiska/ I stopie\u0144/ 1 rok/ gr. 1":{"ID":49632,"Podgrupy":{}},"Ochrona \u015brodowiska/ I stopie\u0144/ 1 rok/ gr. 2":{"ID":49633,"Podgrupy":{}}}},"Ochrona \u015arodowiska / Grupa 2":{"ID":81848,"Podgrupy":{"Ochrona \u015brodowiska/ I stopie\u0144/ 1 rok/ gr. 3":{"ID":49634,"Podgrupy":{}},"Ochrona \u015brodowiska/ I stopie\u0144/ 1 rok/ gr. 4":{"ID":69240,"Podgrupy":{}}}}}},"Ochrona \u015arodowiska I stopie\u0144 2 rok":{"ID":34446,"Podgrupy":{"Ochrona \u015brodowiska/ I stopie\u0144/ 2 rok/ gr. 1":{"ID":30936,"Podgrupy":{}},"Ochrona \u015brodowiska/ I stopie\u0144/ 2 rok/ gr. 2":{"ID":34447,"Podgrupy":{}},"Ochrona \u015brodowiska/ I stopie\u0144/ 2 rok/ gr. 3":{"ID":38932,"Podgrupy":{}}}},"Ochrona \u015arodowiska II stopie\u0144 1 rok":{"ID":34444,"Podgrupy":{"Ochrona \u015brodowiska/ II stopie\u0144/ 1 rok/ gr.1":{"ID":34001,"Podgrupy":{}},"Ochrona \u015brodowiska/ II stopie\u0144/ 1 rok/ gr.2":{"ID":61800,"Podgrupy":{}},"Ochrona \u015brodowiska/ II stopie\u0144/ 1 rok/ gr.3":{"ID":61801,"Podgrupy":{}}}},"Ochrona \u015arodowiska II stopie\u0144 2 rok":{"ID":53322,"Podgrupy":{"Ochrona \u015brodowiska/ II stopie\u0144/ 2 rok/ gr.1":{"ID":53323,"Podgrupy":{}},"Ochrona \u015brodowiska/ II stopie\u0144/ 2 rok/ gr.2":{"ID":61821,"Podgrupy":{}}}}},"ID":28556},"Szko\u0142y doktorskie":{"Grupy":{"Szko\u0142y doktorskie 1 rok":{"ID":49481,"Podgrupy":{}},"Szko\u0142y doktorskie 2 rok":{"ID":49482,"Podgrupy":{}}},"ID":49480},"UTW":{"Grupy":{"UTW Gr 1 - pocz\u0105tkuj\u0105ca":{"ID":39760,"Podgrupy":{}},"UTW Gr 2 - \u015bredniozaawansowana":{"ID":39761,"Podgrupy":{}},"UTW Gr 3 - zaawansowana":{"ID":39762,"Podgrupy":{}}},"ID":39759},"WNS":{"Grupy":{"WNS I rok - niestacjonarne":{"ID":39718,"Podgrupy":{"niestacj gr.1":{"ID":33975,"Podgrupy":{}},"niestacj gr.2":{"ID":36332,"Podgrupy":{}},"niestacj gr.3":{"ID":49819,"Podgrupy":{}}}},"WNS I rok - stacjonarne":{"ID":39717,"Podgrupy":{"(WNS) Zarz. zas. ludzk. gr.1 stacj":{"ID":36201,"Podgrupy":{}},"(WNS) Zarz. zas. ludzk. gr.2 stacj":{"ID":36202,"Podgrupy":{}},"(WNS) Zarz. zas. ludzk. gr.3 stacj":{"ID":36203,"Podgrupy":{}},"(WNS) Zarz. zas. ludzk. gr.4 stacj":{"ID":36204,"Podgrupy":{}},"(WNS) Zarz. zas. ludzk. gr.5 stacj":{"ID":36205,"Podgrupy":{}}}}},"ID":33974},"Wydzia\u0142 humanistyczny":{"Grupy":{"Fil roma\u0144ska":{"ID":49337,"Podgrupy":{"Fil roma\u0144ska IV rok":{"ID":50041,"Podgrupy":{"Fil roma\u0144ska IV gr.WA":{"ID":50042,"Podgrupy":{}}}},"Fil roma\u0144ska V rok":{"ID":50039,"Podgrupy":{"Fil roma\u0144ska V gr.FA":{"ID":50040,"Podgrupy":{}},"Fil roma\u0144ska V gr.WA":{"ID":49338,"Podgrupy":{}}}}}},"Fil rosyjska":{"ID":49902,"Podgrupy":{"Fil rosyjska I rok gr.1":{"ID":49339,"Podgrupy":{}},"Fil rosyjska I rok gr.2":{"ID":49340,"Podgrupy":{}},"Fil rosyjska I rok gr.3":{"ID":49341,"Podgrupy":{}},"Fil rosyjska I rok gr.4":{"ID":27812,"Podgrupy":{}},"Fil rosyjska I rok gr.5":{"ID":27956,"Podgrupy":{}},"Fil rosyjska I rok gr.6":{"ID":27957,"Podgrupy":{}}}},"Fil s\u0142owia\u0144ska":{"ID":49903,"Podgrupy":{"Fil s\u0142owia\u0144ska I rok gr.1":{"ID":49904,"Podgrupy":{}},"Fil s\u0142owia\u0144ska I rok gr.2":{"ID":49905,"Podgrupy":{}},"Fil s\u0142owia\u0144ska I rok gr.3":{"ID":49906,"Podgrupy":{}}}}},"ID":27811}},"Nazwa_Kierunku":"Inne"},{"ID_KIER":6256,"Lata":{"IB I":{"Grupy":{"IB I A":{"ID":27199,"Podgrupy":{"IB I A1":{"ID":27203,"Podgrupy":{}},"IB I A2":{"ID":27204,"Podgrupy":{}}}},"IB I B":{"ID":27200,"Podgrupy":{"IB I B3":{"ID":27202,"Podgrupy":{}}}}},"ID":27198},"IB II":{"Grupy":{"IB II A":{"ID":23799,"Podgrupy":{"IB II A1":{"ID":23801,"Podgrupy":{}},"IB II A2":{"ID":23802,"Podgrupy":{}}}}},"ID":23798},"IB III":{"Grupy":{"IB III IBiomat":{"ID":38352,"Podgrupy":{"IB III IBiomat 1":{"ID":38273,"Podgrupy":{}}}},"IB III PRB":{"ID":38353,"Podgrupy":{"IB III PRB 1":{"ID":38274,"Podgrupy":{}}}},"IB III SIwMB":{"ID":78298,"Podgrupy":{"IB III SIwMB 1":{"ID":77021,"Podgrupy":{}}}}},"ID":32850}},"Nazwa_Kierunku":"In\u017cynieria Biomedyczna I stopnia"},{"ID_KIER":40487,"Lata":{},"Nazwa_Kierunku":"Wydzia\u0142 Nauk Przyrodniczych"},{"ID_KIER":40376,"Lata":{},"Nazwa_Kierunku":"Chemia I stopnia"},{"ID_KIER":40377,"Lata":{},"Nazwa_Kierunku":"Chemia II stopnia"},{"ID_KIER":40378,"Lata":{},"Nazwa_Kierunku":"Chemia III stopnia"},{"ID_KIER":30784,"Lata":{},"Nazwa_Kierunku":"Fizyka II stopnia"},{"ID_KIER":28687,"Lata":{},"Nazwa_Kierunku":"Fizyka Medyczna II stopnia"},{"ID_KIER":6921,"Lata":{},"Nazwa_Kierunku":"Informatyka I stopnia (niestacjonarna)"},{"ID_KIER":6912,"Lata":{},"Nazwa_Kierunku":"Informatyka II stopnia"},{"ID_KIER":6913,"Lata":{},"Nazwa_Kierunku":"Informatyka II stopnia (niestacjonarna)"},{"ID_KIER":39661,"Lata":{},"Nazwa_Kierunku":"Informatyka III stopnia"},{"ID_KIER":21926,"Lata":{},"Nazwa_Kierunku":"In\u017cynieria Biomedyczna II stopnia"},{"ID_KIER":11415,"Lata":{},"Nazwa_Kierunku":"In\u017cynieria Materia\u0142owa"},{"ID_KIER":21793,"Lata":{},"Nazwa_Kierunku":"Kognitywistyka"},{"ID_KIER":40355,"Lata":{},"Nazwa_Kierunku":"Matematyka I stopnia"},{"ID_KIER":40356,"Lata":{},"Nazwa_Kierunku":"Matematyka II stopnia"},{"ID_KIER":40357,"Lata":{},"Nazwa_Kierunku":"Matematyka II stopnia (niestacjonarna)"},{"ID_KIER":40358,"Lata":{},"Nazwa_Kierunku":"Matematyka III stopnia"},{"ID_KIER":14152,"Lata":{},"Nazwa_Kierunku":"Mechatronika (stacjonarna)"},{"ID_KIER":36182,"Lata":{},"Nazwa_Kierunku":"Mikro i nanotechnologia"},{"ID_KIER":11543,"Lata":{},"Nazwa_Kierunku":"Podyplomowe"},{"ID_KIER":40379,"Lata":{},"Nazwa_Kierunku":"Technologia chemiczna I stopnia"},{"ID_KIER":38805,"Lata":{},"Nazwa_Kierunku":"Wydzia\u0142 Sztuki i Nauk o Edukacji"}]}
* Connection #0 to host 51.38.135.103 left intact

C:\Users\Parlik>curl -H "Origin: null" -v http://51.38.135.103/api/parse
*   Trying 51.38.135.103:80...
* Connected to 51.38.135.103 (51.38.135.103) port 80
* using HTTP/1.x
> GET /api/parse HTTP/1.1
> Host: 51.38.135.103
> User-Agent: curl/8.10.1
> Accept: */*
> Origin: null
>
* Request completely sent off
< HTTP/1.1 200 OK
< Server: nginx/1.26.0 (Ubuntu)
< Date: Mon, 07 Apr 2025 19:18:10 GMT
< Content-Type: application/json
< Content-Length: 14062
< Connection: keep-alive
< X-Frame-Options: SAMEORIGIN
< X-XSS-Protection: 1; mode=block
< X-Content-Type-Options: nosniff
< Referrer-Policy: no-referrer-when-downgrade
< Content-Security-Policy: default-src 'self' http: https: data: blob: 'unsafe-inline'
<
{"courses":[{"ID_KIER":28638,"Lata":{"BF-1 rok":{"Grupy":{"BF/ I stopie\u0144/ 1rok / gr. 1":{"ID":58215,"Podgrupy":{}}},"ID":58214},"BF-2-rok":{"Grupy":{"BF/ I stopie\u0144/ 2rok":{"ID":28897,"Podgrupy":{}}},"ID":64775},"BF-3-rok":{"Grupy":{"BF/ I stopie\u0144/ 3rok/ Biofizyka molekularna":{"ID":86249,"Podgrupy":{}},"BF/ I stopie\u0144/ 3rok/ Optometria":{"ID":66584,"Podgrupy":{}}},"ID":66582}},"Nazwa_Kierunku":"Biofizyka I stopnia"},{"ID_KIER":28639,"Lata":{"BF-1 rok":{"Grupy":{"Biofizyka molekularna":{"ID":90802,"Podgrupy":{"BF/II stopie\u0144/1 rok/gr. 1":{"ID":69527,"Podgrupy":{}}}},"Optometria":{"ID":90800,"Podgrupy":{"BF/II stopie\u0144/1 rok/gr. 2":{"ID":90785,"Podgrupy":{}}}}},"ID":69528},"BF-2 rok":{"Grupy":{"BIOFAM":{"ID":86934,"Podgrupy":{"BF/II stopie\u0144/2 rok/BIOFAM":{"ID":58675,"Podgrupy":{}}}}},"ID":28653}},"Nazwa_Kierunku":"Biofizyka II stopnia"},{"ID_KIER":28643,"Lata":{"FZ/ I stopie\u0144/1 rok":{"Grupy":{"FZ/ I stopie\u0144/1 rok /gr.1":{"ID":29076,"Podgrupy":{}},"FZ/ I stopie\u0144/1 rok /gr.2":{"ID":90505,"Podgrupy":{}}},"ID":85480},"FZ/ I stopie\u0144/2 rok":{"Grupy":{},"ID":29165},"FZ/ I stopie\u0144/3 rok":{"Grupy":{},"ID":77774}},"Nazwa_Kierunku":"Fizyka I stopnia"},{"ID_KIER":28686,"Lata":{"FM-1 rok":{"Grupy":{"FM/I stopie\u0144/1 rok/gr.1":{"ID":30035,"Podgrupy":{}}},"ID":28688},"FM-2 rok":{"Grupy":{"FM/I stopie\u0144/2 rok/gr.1":{"ID":73641,"Podgrupy":{}}},"ID":73640},"FM-3 rok":{"Grupy":{"FM/I stopie\u0144/3 rok/elektroradiologia":{"ID":78518,"Podgrupy":{}}},"ID":37519},"FM-4 rok":{"Grupy":{"FM/I stopie\u0144/4 rok/elektroradiologia":{"ID":85408,"Podgrupy":{}}},"ID":85407}},"Nazwa_Kierunku":"Fizyka Medyczna I stopnia"},{"ID_KIER":49858,"Lata":{"Fizyka techniczna/4 rok":{"Grupy":{},"ID":49878}},"Nazwa_Kierunku":"Fizyka techniczna I stopnia"},{"ID_KIER":6999,"Lata":{"IN\u017b I":{"Grupy":{"IN\u017b I_1":{"ID":27163,"Podgrupy":{"IN\u017b I_1_1":{"ID":27164,"Podgrupy":{}},"IN\u017b I_1_2":{"ID":27165,"Podgrupy":{}}}},"IN\u017b I_2":{"ID":27166,"Podgrupy":{"IN\u017b I_2_3":{"ID":27168,"Podgrupy":{}},"IN\u017b I_2_4":{"ID":48064,"Podgrupy":{}}}},"IN\u017b I_3":{"ID":27169,"Podgrupy":{"IN\u017b I_3_5":{"ID":27170,"Podgrupy":{}},"IN\u017b I_3_6":{"ID":27171,"Podgrupy":{}}}},"IN\u017b I_4":{"ID":27172,"Podgrupy":{"IN\u017b I_4_7":{"ID":27173,"Podgrupy":{}},"IN\u017b I_4_8 - grupa zlikwidowana":{"ID":27174,"Podgrupy":{}}}}},"ID":27162},"IN\u017b II":{"Grupy":{"IN\u017b II_GAWiH":{"ID":68061,"Podgrupy":{"IN\u017b II_GAWiH_1":{"ID":48167,"Podgrupy":{}}}},"IN\u017b II_IO":{"ID":68063,"Podgrupy":{"IN\u017b II_IO_1":{"ID":55989,"Podgrupy":{}},"IN\u017b II_IO_2":{"ID":84806,"Podgrupy":{}}}},"IN\u017b II_ISI":{"ID":68062,"Podgrupy":{"IN\u017b II_ISI_1":{"ID":48173,"Podgrupy":{}}}},"IN\u017b II_PAW":{"ID":82112,"Podgrupy":{"IN\u017b II_PAW_1":{"ID":82113,"Podgrupy":{}},"IN\u017b II_PAW_2":{"ID":55988,"Podgrupy":{}}}},"IN\u017b II_PGK":{"ID":48164,"Podgrupy":{"IN\u017b II_PGK_1_1":{"ID":48165,"Podgrupy":{}}}}},"ID":48159},"IN\u017b III":{"Grupy":{"IN\u017b III GAWiH":{"ID":76450,"Podgrupy":{"IN\u017b III GAWiH1":{"ID":76451,"Podgrupy":{}}}},"IN\u017b III IO":{"ID":37992,"Podgrupy":{"IN\u017b III IO1":{"ID":38026,"Podgrupy":{}},"IN\u017b III IO2":{"ID":38027,"Podgrupy":{}},"IN\u017b III IO3":{"ID":38033,"Podgrupy":{}}}},"IN\u017b III ISI":{"ID":37995,"Podgrupy":{"IN\u017b III ISI1":{"ID":38035,"Podgrupy":{}}}},"IN\u017b III PAW":{"ID":37993,"Podgrupy":{"IN\u017b III PAW1":{"ID":38036,"Podgrupy":{}},"IN\u017b III PAW2":{"ID":38029,"Podgrupy":{}},"IN\u017b III PAW3 - do likwidacji":{"ID":38030,"Podgrupy":{}}}},"IN\u017b III PGK":{"ID":37997,"Podgrupy":{"IN\u017b III PGK1":{"ID":38037,"Podgrupy":{}}}}},"ID":37811},"IN\u017b IV":{"Grupy":{"IN\u017b IV GAWiH":{"ID":85278,"Podgrupy":{"IN\u017b IV GAWiH1":{"ID":85279,"Podgrupy":{}}}},"IN\u017b IV IO":{"ID":32830,"Podgrupy":{"IN\u017b IV IO1":{"ID":32840,"Podgrupy":{}},"IN\u017b IV IO2":{"ID":32839,"Podgrupy":{}},"IN\u017b IV IO3":{"ID":68088,"Podgrupy":{}}}},"IN\u017b IV ISI":{"ID":32831,"Podgrupy":{"IN\u017b IV ISI1":{"ID":32841,"Podgrupy":{}},"IN\u017b IV ISI2":{"ID":76453,"Podgrupy":{}}}},"IN\u017b IV PAW":{"ID":32833,"Podgrupy":{"IN\u017b IV PAW1":{"ID":32844,"Podgrupy":{}},"IN\u017b IV PAW2":{"ID":32845,"Podgrupy":{}},"IN\u017b IV PAW3":{"ID":68089,"Podgrupy":{}}}},"IN\u017b IV PGK":{"ID":32835,"Podgrupy":{"IN\u017b IV PGK1":{"ID":32836,"Podgrupy":{}}}}},"ID":32829}},"Nazwa_Kierunku":"Informatyka I stopnia"},{"ID_KIER":28698,"Lata":{"IS-1 rok":{"Grupy":{"IS-Gr.1(gr.01/1 rok, gr.02/1 rok)":{"ID":31429,"Podgrupy":{"IS/ 1 rok/ gr. 01":{"ID":28723,"Podgrupy":{}},"IS/ 1 rok/ gr. 02":{"ID":28724,"Podgrupy":{}}}},"IS-Gr.2(gr.03/1 rok, gr.04/1 rok)":{"ID":31430,"Podgrupy":{"IS/ 1 rok/ gr. 03":{"ID":28736,"Podgrupy":{}},"IS/ 1 rok/ gr. 04":{"ID":28742,"Podgrupy":{}}}},"IS-Gr.3(gr.05/1 rok, gr.06/1 rok)":{"ID":31433,"Podgrupy":{"IS/ 1 rok/ gr. 05":{"ID":28738,"Podgrupy":{}},"IS/ 1 rok/ gr. 06":{"ID":28739,"Podgrupy":{}}}},"IS-Gr.4(gr.07/1 rok, gr.08/1 rok)":{"ID":53150,"Podgrupy":{"IS/ 1 rok/ gr. 07":{"ID":53151,"Podgrupy":{}},"IS/ 1 rok/ gr. 08":{"ID":53152,"Podgrupy":{}}}},"IS-Gr.5(gr.09/1 rok, gr.10/1 rok)":{"ID":85011,"Podgrupy":{"IS/ 1 rok/ gr. 09":{"ID":85012,"Podgrupy":{}},"IS/ 1 rok/ gr. 10":{"ID":85013,"Podgrupy":{}}}}},"ID":28699},"IS-2 rok":{"Grupy":{"IS-Gr.1 (gr.01/2 rok, gr.02/2 rok)":{"ID":31460,"Podgrupy":{"IS/2 rok/gr.01":{"ID":28793,"Podgrupy":{}},"IS/2 rok/gr.02":{"ID":28794,"Podgrupy":{}}}},"IS-Gr.2 (gr.03/2 rok, gr.04/2 rok)":{"ID":31461,"Podgrupy":{"IS/2 rok/gr.03":{"ID":28795,"Podgrupy":{}},"IS/2 rok/gr.04":{"ID":28796,"Podgrupy":{}}}},"IS-Gr.3 (gr.05/2 rok, gr.06/2 rok)":{"ID":31462,"Podgrupy":{"IS/2 rok/gr.05":{"ID":28797,"Podgrupy":{}},"IS/2 rok/gr.06":{"ID":55896,"Podgrupy":{}}}}},"ID":28700},"IS-3 rok":{"Grupy":{"IS/3 rok/gr.1":{"ID":31353,"Podgrupy":{}},"IS/3 rok/gr.2":{"ID":29379,"Podgrupy":{}},"IS/3 rok/gr.3":{"ID":29377,"Podgrupy":{}},"IS/3 rok/gr.4":{"ID":29374,"Podgrupy":{}}},"ID":28701},"IS-4 rok":{"Grupy":{"IS/4 rok/gr.1":{"ID":85355,"Podgrupy":{}},"IS/4 rok/gr.2":{"ID":85356,"Podgrupy":{}},"IS/4 rok/gr.3":{"ID":85357,"Podgrupy":{}},"IS/4 rok/gr.4":{"ID":85358,"Podgrupy":{}}},"ID":85354}},"Nazwa_Kierunku":"Informatyka Stosowana I stopnia"},{"ID_KIER":8857,"Lata":{"BPOIT":{"Grupy":{"BPOIT gr 1":{"ID":39815,"Podgrupy":{}},"BPOIT gr 2":{"ID":39816,"Podgrupy":{}}},"ID":39814},"Biotechnologia":{"Grupy":{"BT-I stopnia":{"ID":33962,"Podgrupy":{"TB-1 rok/ 1 semestr":{"ID":33966,"Podgrupy":{"BT- gr. 1":{"ID":33961,"Podgrupy":{}},"BT- gr. 2":{"ID":33967,"Podgrupy":{}},"BT- gr. 3":{"ID":33969,"Podgrupy":{}},"BT- gr. 4":{"ID":33968,"Podgrupy":{}}}}}}},"ID":33960},"Dziennikarstwo i komunikacja spo\u0142eczna":{"Grupy":{"Grupa 1":{"ID":31793,"Podgrupy":{}},"Grupa 10":{"ID":50362,"Podgrupy":{}},"Grupa 11":{"ID":50363,"Podgrupy":{}},"Grupa 12":{"ID":50364,"Podgrupy":{}},"Grupa 2":{"ID":42900,"Podgrupy":{}},"Grupa 3":{"ID":42901,"Podgrupy":{}},"Grupa 5":{"ID":42903,"Podgrupy":{}},"Grupa 7":{"ID":50361,"Podgrupy":{}},"Grupa 8":{"ID":42902,"Podgrupy":{}},"Grupa 9":{"ID":50360,"Podgrupy":{}}},"ID":31794},"Dziennikarstwo i komunikacja spo\u0142eczna (niestacjonarne)":{"Grupy":{"Grupa 1 (niestacj.)":{"ID":42910,"Podgrupy":{}},"Grupa 2 (niestacj.)":{"ID":42911,"Podgrupy":{}}},"ID":42909},"Erasmus":{"Grupy":{"Erasmus+":{"ID":20267,"Podgrupy":{}}},"ID":15969},"Geofizyka":{"Grupy":{"GF/1 rok/II stopnia":{"ID":30414,"Podgrupy":{}},"GF/2 rok/II stopnia":{"ID":30419,"Podgrupy":{}},"Geografia":{"ID":38020,"Podgrupy":{}}},"ID":28549},"Komunikacja Cyfrowa":{"Grupy":{"1 rok":{"ID":47893,"Podgrupy":{"KC/1 rok/gr.1":{"ID":47895,"Podgrupy":{}},"KC/1 rok/gr.2":{"ID":47896,"Podgrupy":{}},"KC/1 rok/gr.3":{"ID":47897,"Podgrupy":{}},"KC/1 rok/gr.4":{"ID":78846,"Podgrupy":{}}}},"2 rok":{"ID":56776,"Podgrupy":{"KC/2 rok/gr.1":{"ID":56777,"Podgrupy":{}},"KC/2 rok/gr.2":{"ID":56778,"Podgrupy":{}},"KC/2 rok/gr.3":{"ID":82188,"Podgrupy":{}}}},"3 rok":{"ID":69124,"Podgrupy":{"KC/3 rok/gr.1":{"ID":69125,"Podgrupy":{}},"KC/3 rok/gr.2":{"ID":67707,"Podgrupy":{}}}}},"ID":47892},"Mi\u0119dzynarodowa \u015arodowiskowa Szkola Doktorska":{"Grupy":{"Mi\u0119dz. \u015arod. Szko\u0142a Dokt. 1 rok":{"ID":49499,"Podgrupy":{}},"Mi\u0119dz. \u015arod. Szko\u0142a Dokt. 2 rok":{"ID":49501,"Podgrupy":{}}},"ID":49498},"Ochrona \u015arodowiska":{"Grupy":{"Ochrona \u015arodowiska I stopie\u0144 1 rok":{"ID":49631,"Podgrupy":{"Ochrona \u015arodowiska / Grupa 1":{"ID":81847,"Podgrupy":{"Ochrona \u015brodowiska/ I stopie\u0144/ 1 rok/ gr. 1":{"ID":49632,"Podgrupy":{}},"Ochrona \u015brodowiska/ I stopie\u0144/ 1 rok/ gr. 2":{"ID":49633,"Podgrupy":{}}}},"Ochrona \u015arodowiska / Grupa 2":{"ID":81848,"Podgrupy":{"Ochrona \u015brodowiska/ I stopie\u0144/ 1 rok/ gr. 3":{"ID":49634,"Podgrupy":{}},"Ochrona \u015brodowiska/ I stopie\u0144/ 1 rok/ gr. 4":{"ID":69240,"Podgrupy":{}}}}}},"Ochrona \u015arodowiska I stopie\u0144 2 rok":{"ID":34446,"Podgrupy":{"Ochrona \u015brodowiska/ I stopie\u0144/ 2 rok/ gr. 1":{"ID":30936,"Podgrupy":{}},"Ochrona \u015brodowiska/ I stopie\u0144/ 2 rok/ gr. 2":{"ID":34447,"Podgrupy":{}},"Ochrona \u015brodowiska/ I stopie\u0144/ 2 rok/ gr. 3":{"ID":38932,"Podgrupy":{}}}},"Ochrona \u015arodowiska II stopie\u0144 1 rok":{"ID":34444,"Podgrupy":{"Ochrona \u015brodowiska/ II stopie\u0144/ 1 rok/ gr.1":{"ID":34001,"Podgrupy":{}},"Ochrona \u015brodowiska/ II stopie\u0144/ 1 rok/ gr.2":{"ID":61800,"Podgrupy":{}},"Ochrona \u015brodowiska/ II stopie\u0144/ 1 rok/ gr.3":{"ID":61801,"Podgrupy":{}}}},"Ochrona \u015arodowiska II stopie\u0144 2 rok":{"ID":53322,"Podgrupy":{"Ochrona \u015brodowiska/ II stopie\u0144/ 2 rok/ gr.1":{"ID":53323,"Podgrupy":{}},"Ochrona \u015brodowiska/ II stopie\u0144/ 2 rok/ gr.2":{"ID":61821,"Podgrupy":{}}}}},"ID":28556},"Szko\u0142y doktorskie":{"Grupy":{"Szko\u0142y doktorskie 1 rok":{"ID":49481,"Podgrupy":{}},"Szko\u0142y doktorskie 2 rok":{"ID":49482,"Podgrupy":{}}},"ID":49480},"UTW":{"Grupy":{"UTW Gr 1 - pocz\u0105tkuj\u0105ca":{"ID":39760,"Podgrupy":{}},"UTW Gr 2 - \u015bredniozaawansowana":{"ID":39761,"Podgrupy":{}},"UTW Gr 3 - zaawansowana":{"ID":39762,"Podgrupy":{}}},"ID":39759},"WNS":{"Grupy":{"WNS I rok - niestacjonarne":{"ID":39718,"Podgrupy":{"niestacj gr.1":{"ID":33975,"Podgrupy":{}},"niestacj gr.2":{"ID":36332,"Podgrupy":{}},"niestacj gr.3":{"ID":49819,"Podgrupy":{}}}},"WNS I rok - stacjonarne":{"ID":39717,"Podgrupy":{"(WNS) Zarz. zas. ludzk. gr.1 stacj":{"ID":36201,"Podgrupy":{}},"(WNS) Zarz. zas. ludzk. gr.2 stacj":{"ID":36202,"Podgrupy":{}},"(WNS) Zarz. zas. ludzk. gr.3 stacj":{"ID":36203,"Podgrupy":{}},"(WNS) Zarz. zas. ludzk. gr.4 stacj":{"ID":36204,"Podgrupy":{}},"(WNS) Zarz. zas. ludzk. gr.5 stacj":{"ID":36205,"Podgrupy":{}}}}},"ID":33974},"Wydzia\u0142 humanistyczny":{"Grupy":{"Fil roma\u0144ska":{"ID":49337,"Podgrupy":{"Fil roma\u0144ska IV rok":{"ID":50041,"Podgrupy":{"Fil roma\u0144ska IV gr.WA":{"ID":50042,"Podgrupy":{}}}},"Fil roma\u0144ska V rok":{"ID":50039,"Podgrupy":{"Fil roma\u0144ska V gr.FA":{"ID":50040,"Podgrupy":{}},"Fil roma\u0144ska V gr.WA":{"ID":49338,"Podgrupy":{}}}}}},"Fil rosyjska":{"ID":49902,"Podgrupy":{"Fil rosyjska I rok gr.1":{"ID":49339,"Podgrupy":{}},"Fil rosyjska I rok gr.2":{"ID":49340,"Podgrupy":{}},"Fil rosyjska I rok gr.3":{"ID":49341,"Podgrupy":{}},"Fil rosyjska I rok gr.4":{"ID":27812,"Podgrupy":{}},"Fil rosyjska I rok gr.5":{"ID":27956,"Podgrupy":{}},"Fil rosyjska I rok gr.6":{"ID":27957,"Podgrupy":{}}}},"Fil s\u0142owia\u0144ska":{"ID":49903,"Podgrupy":{"Fil s\u0142owia\u0144ska I rok gr.1":{"ID":49904,"Podgrupy":{}},"Fil s\u0142owia\u0144ska I rok gr.2":{"ID":49905,"Podgrupy":{}},"Fil s\u0142owia\u0144ska I rok gr.3":{"ID":49906,"Podgrupy":{}}}}},"ID":27811}},"Nazwa_Kierunku":"Inne"},{"ID_KIER":6256,"Lata":{"IB I":{"Grupy":{"IB I A":{"ID":27199,"Podgrupy":{"IB I A1":{"ID":27203,"Podgrupy":{}},"IB I A2":{"ID":27204,"Podgrupy":{}}}},"IB I B":{"ID":27200,"Podgrupy":{"IB I B3":{"ID":27202,"Podgrupy":{}}}}},"ID":27198},"IB II":{"Grupy":{"IB II A":{"ID":23799,"Podgrupy":{"IB II A1":{"ID":23801,"Podgrupy":{}},"IB II A2":{"ID":23802,"Podgrupy":{}}}}},"ID":23798},"IB III":{"Grupy":{"IB III IBiomat":{"ID":38352,"Podgrupy":{"IB III IBiomat 1":{"ID":38273,"Podgrupy":{}}}},"IB III PRB":{"ID":38353,"Podgrupy":{"IB III PRB 1":{"ID":38274,"Podgrupy":{}}}},"IB III SIwMB":{"ID":78298,"Podgrupy":{"IB III SIwMB 1":{"ID":77021,"Podgrupy":{}}}}},"ID":32850}},"Nazwa_Kierunku":"In\u017cynieria Biomedyczna I stopnia"},{"ID_KIER":40487,"Lata":{},"Nazwa_Kierunku":"Wydzia\u0142 Nauk Przyrodniczych"},{"ID_KIER":40376,"Lata":{},"Nazwa_Kierunku":"Chemia I stopnia"},{"ID_KIER":40377,"Lata":{},"Nazwa_Kierunku":"Chemia II stopnia"},{"ID_KIER":40378,"Lata":{},"Nazwa_Kierunku":"Chemia III stopnia"},{"ID_KIER":30784,"Lata":{},"Nazwa_Kierunku":"Fizyka II stopnia"},{"ID_KIER":28687,"Lata":{},"Nazwa_Kierunku":"Fizyka Medyczna II stopnia"},{"ID_KIER":6921,"Lata":{},"Nazwa_Kierunku":"Informatyka I stopnia (niestacjonarna)"},{"ID_KIER":6912,"Lata":{},"Nazwa_Kierunku":"Informatyka II stopnia"},{"ID_KIER":6913,"Lata":{},"Nazwa_Kierunku":"Informatyka II stopnia (niestacjonarna)"},{"ID_KIER":39661,"Lata":{},"Nazwa_Kierunku":"Informatyka III stopnia"},{"ID_KIER":21926,"Lata":{},"Nazwa_Kierunku":"In\u017cynieria Biomedyczna II stopnia"},{"ID_KIER":11415,"Lata":{},"Nazwa_Kierunku":"In\u017cynieria Materia\u0142owa"},{"ID_KIER":21793,"Lata":{},"Nazwa_Kierunku":"Kognitywistyka"},{"ID_KIER":40355,"Lata":{},"Nazwa_Kierunku":"Matematyka I stopnia"},{"ID_KIER":40356,"Lata":{},"Nazwa_Kierunku":"Matematyka II stopnia"},{"ID_KIER":40357,"Lata":{},"Nazwa_Kierunku":"Matematyka II stopnia (niestacjonarna)"},{"ID_KIER":40358,"Lata":{},"Nazwa_Kierunku":"Matematyka III stopnia"},{"ID_KIER":14152,"Lata":{},"Nazwa_Kierunku":"Mechatronika (stacjonarna)"},{"ID_KIER":36182,"Lata":{},"Nazwa_Kierunku":"Mikro i nanotechnologia"},{"ID_KIER":11543,"Lata":{},"Nazwa_Kierunku":"Podyplomowe"},{"ID_KIER":40379,"Lata":{},"Nazwa_Kierunku":"Technologia chemiczna I stopnia"},{"ID_KIER":38805,"Lata":{},"Nazwa_Kierunku":"Wydzia\u0142 Sztuki i Nauk o Edukacji"}]}
* Connection #0 to host 51.38.135.103 left intact